Archive member included to satisfy reference by file (symbol)

/home/onur/STM32Toolchain/gcc-arm/bin/../lib/gcc/arm-none-eabi/8.2.1/../../../../arm-none-eabi/lib/thumb/v7e-m+fp/hard/libc_nano.a(lib_a-exit.o)
                              /home/onur/STM32Toolchain/gcc-arm/bin/../lib/gcc/arm-none-eabi/8.2.1/../../../../arm-none-eabi/lib/thumb/v7e-m+fp/hard/crt0.o (exit)
/home/onur/STM32Toolchain/gcc-arm/bin/../lib/gcc/arm-none-eabi/8.2.1/../../../../arm-none-eabi/lib/thumb/v7e-m+fp/hard/libc_nano.a(lib_a-impure.o)
                              /home/onur/STM32Toolchain/gcc-arm/bin/../lib/gcc/arm-none-eabi/8.2.1/../../../../arm-none-eabi/lib/thumb/v7e-m+fp/hard/libc_nano.a(lib_a-exit.o) (_global_impure_ptr)
/home/onur/STM32Toolchain/gcc-arm/bin/../lib/gcc/arm-none-eabi/8.2.1/../../../../arm-none-eabi/lib/thumb/v7e-m+fp/hard/libc_nano.a(lib_a-init.o)
                              /home/onur/STM32Toolchain/gcc-arm/bin/../lib/gcc/arm-none-eabi/8.2.1/../../../../arm-none-eabi/lib/thumb/v7e-m+fp/hard/crt0.o (__libc_init_array)
/home/onur/STM32Toolchain/gcc-arm/bin/../lib/gcc/arm-none-eabi/8.2.1/../../../../arm-none-eabi/lib/thumb/v7e-m+fp/hard/libc_nano.a(lib_a-memset.o)
                              /home/onur/STM32Toolchain/gcc-arm/bin/../lib/gcc/arm-none-eabi/8.2.1/../../../../arm-none-eabi/lib/thumb/v7e-m+fp/hard/crt0.o (memset)
/home/onur/STM32Toolchain/gcc-arm/bin/../lib/gcc/arm-none-eabi/8.2.1/../../../../arm-none-eabi/lib/thumb/v7e-m+fp/hard/libm.a(lib_a-s_cos.o)
                              build/main.o (cos)
/home/onur/STM32Toolchain/gcc-arm/bin/../lib/gcc/arm-none-eabi/8.2.1/../../../../arm-none-eabi/lib/thumb/v7e-m+fp/hard/libm.a(lib_a-s_sin.o)
                              build/main.o (sin)
/home/onur/STM32Toolchain/gcc-arm/bin/../lib/gcc/arm-none-eabi/8.2.1/../../../../arm-none-eabi/lib/thumb/v7e-m+fp/hard/libm.a(lib_a-w_sqrt.o)
                              build/main.o (sqrt)
/home/onur/STM32Toolchain/gcc-arm/bin/../lib/gcc/arm-none-eabi/8.2.1/../../../../arm-none-eabi/lib/thumb/v7e-m+fp/hard/libm.a(lib_a-e_rem_pio2.o)
                              /home/onur/STM32Toolchain/gcc-arm/bin/../lib/gcc/arm-none-eabi/8.2.1/../../../../arm-none-eabi/lib/thumb/v7e-m+fp/hard/libm.a(lib_a-s_cos.o) (__ieee754_rem_pio2)
/home/onur/STM32Toolchain/gcc-arm/bin/../lib/gcc/arm-none-eabi/8.2.1/../../../../arm-none-eabi/lib/thumb/v7e-m+fp/hard/libm.a(lib_a-e_sqrt.o)
                              /home/onur/STM32Toolchain/gcc-arm/bin/../lib/gcc/arm-none-eabi/8.2.1/../../../../arm-none-eabi/lib/thumb/v7e-m+fp/hard/libm.a(lib_a-w_sqrt.o) (__ieee754_sqrt)
/home/onur/STM32Toolchain/gcc-arm/bin/../lib/gcc/arm-none-eabi/8.2.1/../../../../arm-none-eabi/lib/thumb/v7e-m+fp/hard/libm.a(lib_a-k_cos.o)
                              /home/onur/STM32Toolchain/gcc-arm/bin/../lib/gcc/arm-none-eabi/8.2.1/../../../../arm-none-eabi/lib/thumb/v7e-m+fp/hard/libm.a(lib_a-s_cos.o) (__kernel_cos)
/home/onur/STM32Toolchain/gcc-arm/bin/../lib/gcc/arm-none-eabi/8.2.1/../../../../arm-none-eabi/lib/thumb/v7e-m+fp/hard/libm.a(lib_a-k_rem_pio2.o)
                              /home/onur/STM32Toolchain/gcc-arm/bin/../lib/gcc/arm-none-eabi/8.2.1/../../../../arm-none-eabi/lib/thumb/v7e-m+fp/hard/libm.a(lib_a-e_rem_pio2.o) (__kernel_rem_pio2)
/home/onur/STM32Toolchain/gcc-arm/bin/../lib/gcc/arm-none-eabi/8.2.1/../../../../arm-none-eabi/lib/thumb/v7e-m+fp/hard/libm.a(lib_a-k_sin.o)
                              /home/onur/STM32Toolchain/gcc-arm/bin/../lib/gcc/arm-none-eabi/8.2.1/../../../../arm-none-eabi/lib/thumb/v7e-m+fp/hard/libm.a(lib_a-s_cos.o) (__kernel_sin)
/home/onur/STM32Toolchain/gcc-arm/bin/../lib/gcc/arm-none-eabi/8.2.1/../../../../arm-none-eabi/lib/thumb/v7e-m+fp/hard/libm.a(lib_a-s_fabs.o)
                              /home/onur/STM32Toolchain/gcc-arm/bin/../lib/gcc/arm-none-eabi/8.2.1/../../../../arm-none-eabi/lib/thumb/v7e-m+fp/hard/libm.a(lib_a-e_rem_pio2.o) (fabs)
/home/onur/STM32Toolchain/gcc-arm/bin/../lib/gcc/arm-none-eabi/8.2.1/../../../../arm-none-eabi/lib/thumb/v7e-m+fp/hard/libm.a(lib_a-s_floor.o)
                              /home/onur/STM32Toolchain/gcc-arm/bin/../lib/gcc/arm-none-eabi/8.2.1/../../../../arm-none-eabi/lib/thumb/v7e-m+fp/hard/libm.a(lib_a-k_rem_pio2.o) (floor)
/home/onur/STM32Toolchain/gcc-arm/bin/../lib/gcc/arm-none-eabi/8.2.1/../../../../arm-none-eabi/lib/thumb/v7e-m+fp/hard/libm.a(lib_a-s_lib_ver.o)
                              /home/onur/STM32Toolchain/gcc-arm/bin/../lib/gcc/arm-none-eabi/8.2.1/../../../../arm-none-eabi/lib/thumb/v7e-m+fp/hard/libm.a(lib_a-w_sqrt.o) (__fdlib_version)
/home/onur/STM32Toolchain/gcc-arm/bin/../lib/gcc/arm-none-eabi/8.2.1/../../../../arm-none-eabi/lib/thumb/v7e-m+fp/hard/libm.a(lib_a-s_matherr.o)
                              /home/onur/STM32Toolchain/gcc-arm/bin/../lib/gcc/arm-none-eabi/8.2.1/../../../../arm-none-eabi/lib/thumb/v7e-m+fp/hard/libm.a(lib_a-w_sqrt.o) (matherr)
[...]
Memory Configuration

Name             Origin             Length             Attributes
RAM              0x0000000020000000 0x0000000000020000 xrw
CCMRAM           0x0000000010000000 0x0000000000010000 rw
FLASH            0x0000000008000000 0x0000000000100000 xr
*default*        0x0000000000000000 0xffffffffffffffff

Linker script and memory map

LOAD /home/onur/STM32Toolchain/gcc-arm/bin/../lib/gcc/arm-none-eabi/8.2.1/thumb/v7e-m+fp/hard/crti.o
LOAD /home/onur/STM32Toolchain/gcc-arm/bin/../lib/gcc/arm-none-eabi/8.2.1/thumb/v7e-m+fp/hard/crtbegin.o
LOAD /home/onur/STM32Toolchain/gcc-arm/bin/../lib/gcc/arm-none-eabi/8.2.1/../../../../arm-none-eabi/lib/thumb/v7e-m+fp/hard/crt0.o
LOAD build/main.o
LOAD build/stm32f4xx_it.o
LOAD build/stm32f4xx_hal_msp.o
LOAD build/stm32f4xx_hal_tim.o
LOAD build/stm32f4xx_hal_tim_ex.o
LOAD build/stm32f4xx_hal_rcc.o
LOAD build/stm32f4xx_hal_rcc_ex.o
LOAD build/stm32f4xx_hal_flash.o
LOAD build/stm32f4xx_hal_flash_ex.o
LOAD build/stm32f4xx_hal_flash_ramfunc.o
LOAD build/stm32f4xx_hal_gpio.o
LOAD build/stm32f4xx_hal_dma_ex.o
LOAD build/stm32f4xx_hal_dma.o
LOAD build/stm32f4xx_hal_pwr.o
LOAD build/stm32f4xx_hal_pwr_ex.o
LOAD build/stm32f4xx_hal_cortex.o
LOAD build/stm32f4xx_hal.o
LOAD build/stm32f4xx_hal_exti.o
LOAD build/system_stm32f4xx.o
LOAD build/stm32f4xx_hal_adc.o
LOAD build/stm32f4xx_hal_adc_ex.o
LOAD build/stm32f4xx_hal_dac.o
LOAD build/stm32f4xx_hal_dac_ex.o
LOAD build/startup_stm32f407xx.o
LOAD /home/onur/STM32Toolchain/gcc-arm/bin/../lib/gcc/arm-none-eabi/8.2.1/../../../../arm-none-eabi/lib/thumb/v7e-m+fp/hard/libc_nano.a
LOAD /home/onur/STM32Toolchain/gcc-arm/bin/../lib/gcc/arm-none-eabi/8.2.1/../../../../arm-none-eabi/lib/thumb/v7e-m+fp/hard/libm.a
LOAD /home/onur/STM32Toolchain/gcc-arm/bin/../lib/gcc/arm-none-eabi/8.2.1/../../../../arm-none-eabi/lib/thumb/v7e-m+fp/hard/libnosys.a
START GROUP
LOAD /home/onur/STM32Toolchain/gcc-arm/bin/../lib/gcc/arm-none-eabi/8.2.1/thumb/v7e-m+fp/hard/libgcc.a
LOAD /home/onur/STM32Toolchain/gcc-arm/bin/../lib/gcc/arm-none-eabi/8.2.1/../../../../arm-none-eabi/lib/thumb/v7e-m+fp/hard/libc_nano.a
END GROUP
START GROUP
LOAD /home/onur/STM32Toolchain/gcc-arm/bin/../lib/gcc/arm-none-eabi/8.2.1/thumb/v7e-m+fp/hard/libgcc.a
LOAD /home/onur/STM32Toolchain/gcc-arm/bin/../lib/gcc/arm-none-eabi/8.2.1/../../../../arm-none-eabi/lib/thumb/v7e-m+fp/hard/libc_nano.a
END GROUP
LOAD /home/onur/STM32Toolchain/gcc-arm/bin/../lib/gcc/arm-none-eabi/8.2.1/thumb/v7e-m+fp/hard/crtend.o
LOAD /home/onur/STM32Toolchain/gcc-arm/bin/../lib/gcc/arm-none-eabi/8.2.1/thumb/v7e-m+fp/hard/crtn.o
                0x0000000020020000                _estack = 0x20020000
                0x0000000000000200                _Min_Heap_Size = 0x200
                0x0000000000000400                _Min_Stack_Size = 0x400

.isr_vector     0x0000000008000000      0x188
                0x0000000008000000                . = ALIGN (0x4)
 *(.isr_vector)
 .isr_vector    0x0000000008000000      0x188 build/startup_stm32f407xx.o
                0x0000000008000000                g_pfnVectors
                0x0000000008000188                . = ALIGN (0x4)

.text           0x0000000008000188     0x4b60
                0x0000000008000188                . = ALIGN (0x4)
 *(.text)
 .text          0x0000000008000188       0x40 /home/onur/STM32Toolchain/gcc-arm/bin/../lib/gcc/arm-none-eabi/8.2.1/thumb/v7e-m+fp/hard/crtbegin.o
 .text          0x00000000080001c8      0x378 /home/onur/STM32Toolchain/gcc-arm/bin/../lib/gcc/arm-none-eabi/8.2.1/thumb/v7e-m+fp/hard/libgcc.a(_arm_addsubdf3.o)
                0x00000000080001c8                __aeabi_drsub
                0x00000000080001d0                __aeabi_dsub
                0x00000000080001d0                __subdf3
                0x00000000080001d4                __adddf3
                0x00000000080001d4                __aeabi_dadd
                0x000000000800044c                __aeabi_ui2d
                0x000000000800044c                __floatunsidf
                0x000000000800046c                __floatsidf
                0x000000000800046c                __aeabi_i2d
                0x0000000008000490                __extendsfdf2
                0x0000000008000490                __aeabi_f2d
                0x00000000080004d4                __aeabi_ul2d
                0x00000000080004d4                __floatundidf
                0x00000000080004e4                __floatdidf
                0x00000000080004e4                __aeabi_l2d
 .text          0x0000000008000540      0x424 /home/onur/STM32Toolchain/gcc-arm/bin/../lib/gcc/arm-none-eabi/8.2.1/thumb/v7e-m+fp/hard/libgcc.a(_arm_muldivdf3.o)
                0x0000000008000540                __aeabi_dmul
                0x0000000008000540                __muldf3
                0x0000000008000794                __aeabi_ddiv
                0x0000000008000794                __divdf3
 .text          0x0000000008000964      0x110 /home/onur/STM32Toolchain/gcc-arm/bin/../lib/gcc/arm-none-eabi/8.2.1/thumb/v7e-m+fp/hard/libgcc.a(_arm_cmpdf2.o)
                0x0000000008000964                __gtdf2
                0x0000000008000964                __gedf2
                0x000000000800096c                __ltdf2
                0x000000000800096c                __ledf2
                0x0000000008000974                __cmpdf2
                0x0000000008000974                __eqdf2
                0x0000000008000974                __nedf2
                0x00000000080009f0                __aeabi_cdrcmple
                0x0000000008000a00                __aeabi_cdcmple
                0x0000000008000a00                __aeabi_cdcmpeq
                0x0000000008000a10                __aeabi_dcmpeq
                0x0000000008000a24                __aeabi_dcmplt
                0x0000000008000a38                __aeabi_dcmple
                0x0000000008000a4c                __aeabi_dcmpge
                0x0000000008000a60                __aeabi_dcmpgt
 .text          0x0000000008000a74       0x2c /home/onur/STM32Toolchain/gcc-arm/bin/../lib/gcc/arm-none-eabi/8.2.1/thumb/v7e-m+fp/hard/libgcc.a(_arm_unorddf2.o)
                0x0000000008000a74                __aeabi_dcmpun
                0x0000000008000a74                __unorddf2
 .text          0x0000000008000aa0       0x50 /home/onur/STM32Toolchain/gcc-arm/bin/../lib/gcc/arm-none-eabi/8.2.1/thumb/v7e-m+fp/hard/libgcc.a(_arm_fixdfsi.o)
                0x0000000008000aa0                __fixdfsi
                0x0000000008000aa0                __aeabi_d2iz
 .text          0x0000000008000af0       0xa0 /home/onur/STM32Toolchain/gcc-arm/bin/../lib/gcc/arm-none-eabi/8.2.1/thumb/v7e-m+fp/hard/libgcc.a(_arm_truncdfsf2.o)
                0x0000000008000af0                __aeabi_d2f
                0x0000000008000af0                __truncdfsf2
 .text          0x0000000008000b90       0x30 /home/onur/STM32Toolchain/gcc-arm/bin/../lib/gcc/arm-none-eabi/8.2.1/thumb/v7e-m+fp/hard/libgcc.a(_aeabi_uldivmod.o)
                0x0000000008000b90                __aeabi_uldivmod
 .text          0x0000000008000bc0      0x2d0 /home/onur/STM32Toolchain/gcc-arm/bin/../lib/gcc/arm-none-eabi/8.2.1/thumb/v7e-m+fp/hard/libgcc.a(_udivmoddi4.o)
                0x0000000008000bc0                __udivmoddi4
 .text          0x0000000008000e90        0x4 /home/onur/STM32Toolchain/gcc-arm/bin/../lib/gcc/arm-none-eabi/8.2.1/thumb/v7e-m+fp/hard/libgcc.a(_dvmd_tls.o)
                0x0000000008000e90                __aeabi_ldiv0
                0x0000000008000e90                __aeabi_idiv0
 *(.text*)
 .text.MX_GPIO_Init
                0x0000000008000e94      0x164 build/main.o
 .text.MX_DMA_Init
                0x0000000008000ff8       0x58 build/main.o
 .text.MX_ADC1_Init
                0x0000000008001050       0x5c build/main.o
 .text.MX_DAC_Init
                0x00000000080010ac       0x34 build/main.o
 .text.MX_TIM2_Init
                0x00000000080010e0       0x54 build/main.o
 .text.MX_TIM6_Init
                0x0000000008001134       0x38 build/main.o
 .text.StartADC
                0x000000000800116c       0x1c build/main.o
                0x000000000800116c                StartADC
 .text.StartDAC
                0x0000000008001188       0x28 build/main.o
                0x0000000008001188                StartDAC
 .text.StartMasterTimer
                0x00000000080011b0       0x14 build/main.o
                0x00000000080011b0                StartMasterTimer
 .text.SystemClock_Config
                0x00000000080011c4       0x98 build/main.o
                0x00000000080011c4                SystemClock_Config
 .text.HAL_ADC_ConvHalfCpltCallback
                0x000000000800125c       0x10 build/main.o
                0x000000000800125c                HAL_ADC_ConvHalfCpltCallback
 .text.HAL_ADC_ConvCpltCallback
                0x000000000800126c       0x10 build/main.o
                0x000000000800126c                HAL_ADC_ConvCpltCallback
 .text.Error_Handler
                0x000000000800127c        0x2 build/main.o
                0x000000000800127c                Error_Handler
 *fill*         0x000000000800127e        0x2 
 .text.CalculateFreqResponse
                0x0000000008001280      0x188 build/main.o
                0x0000000008001280                CalculateFreqResponse
 .text.CreateDACTable
                0x0000000008001408      0x22c build/main.o
                0x0000000008001408                CreateDACTable
 .text.IFFT     0x0000000008001634      0x258 build/main.o
                0x0000000008001634                IFFT
 .text.main     0x000000000800188c      0x168 build/main.o
                0x000000000800188c                main
 .text.NMI_Handler
                0x00000000080019f4        0x2 build/stm32f4xx_it.o
                0x00000000080019f4                NMI_Handler
 .text.HardFault_Handler
                0x00000000080019f6        0x2 build/stm32f4xx_it.o
                0x00000000080019f6                HardFault_Handler
 .text.MemManage_Handler
                0x00000000080019f8        0x2 build/stm32f4xx_it.o
                0x00000000080019f8                MemManage_Handler
 .text.BusFault_Handler
                0x00000000080019fa        0x2 build/stm32f4xx_it.o
                0x00000000080019fa                BusFault_Handler
 .text.UsageFault_Handler
                0x00000000080019fc        0x2 build/stm32f4xx_it.o
                0x00000000080019fc                UsageFault_Handler
 .text.SVC_Handler
                0x00000000080019fe        0x2 build/stm32f4xx_it.o
                0x00000000080019fe                SVC_Handler
 .text.DebugMon_Handler
                0x0000000008001a00        0x2 build/stm32f4xx_it.o
                0x0000000008001a00                DebugMon_Handler
 .text.PendSV_Handler
                0x0000000008001a02        0x2 build/stm32f4xx_it.o
                0x0000000008001a02                PendSV_Handler
 .text.SysTick_Handler
                0x0000000008001a04        0x8 build/stm32f4xx_it.o
                0x0000000008001a04                SysTick_Handler
 .text.DMA1_Stream5_IRQHandler
                0x0000000008001a0c       0x10 build/stm32f4xx_it.o
                0x0000000008001a0c                DMA1_Stream5_IRQHandler
 .text.TIM6_DAC_IRQHandler
                0x0000000008001a1c       0x18 build/stm32f4xx_it.o
                0x0000000008001a1c                TIM6_DAC_IRQHandler
 .text.DMA2_Stream0_IRQHandler
                0x0000000008001a34       0x10 build/stm32f4xx_it.o
                0x0000000008001a34                DMA2_Stream0_IRQHandler
 .text.HAL_MspInit
                0x0000000008001a44       0x40 build/stm32f4xx_hal_msp.o
                0x0000000008001a44                HAL_MspInit
 .text.HAL_ADC_MspInit
                0x0000000008001a84       0xb0 build/stm32f4xx_hal_msp.o
                0x0000000008001a84                HAL_ADC_MspInit
 .text.HAL_DAC_MspInit
                0x0000000008001b34       0xc4 build/stm32f4xx_hal_msp.o
                0x0000000008001b34                HAL_DAC_MspInit
 .text.HAL_TIM_Base_MspInit
                0x0000000008001bf8       0x64 build/stm32f4xx_hal_msp.o
                0x0000000008001bf8                HAL_TIM_Base_MspInit
 .text.TIM_TI1_ConfigInputStage
                0x0000000008001c5c       0x26 build/stm32f4xx_hal_tim.o
 .text.TIM_TI2_ConfigInputStage
                0x0000000008001c82       0x28 build/stm32f4xx_hal_tim.o
 .text.TIM_ITRx_SetConfig
                0x0000000008001caa       0x10 build/stm32f4xx_hal_tim.o
 .text.HAL_TIM_Base_Start
                0x0000000008001cba       0x24 build/stm32f4xx_hal_tim.o
                0x0000000008001cba                HAL_TIM_Base_Start
 .text.HAL_TIM_PeriodElapsedCallback
                0x0000000008001cde        0x2 build/stm32f4xx_hal_tim.o
                0x0000000008001cde                HAL_TIM_PeriodElapsedCallback
 .text.HAL_TIM_OC_DelayElapsedCallback
                0x0000000008001ce0        0x2 build/stm32f4xx_hal_tim.o
                0x0000000008001ce0                HAL_TIM_OC_DelayElapsedCallback
 .text.HAL_TIM_IC_CaptureCallback
                0x0000000008001ce2        0x2 build/stm32f4xx_hal_tim.o
                0x0000000008001ce2                HAL_TIM_IC_CaptureCallback
 .text.HAL_TIM_PWM_PulseFinishedCallback
                0x0000000008001ce4        0x2 build/stm32f4xx_hal_tim.o
                0x0000000008001ce4                HAL_TIM_PWM_PulseFinishedCallback
 .text.HAL_TIM_TriggerCallback
                0x0000000008001ce6        0x2 build/stm32f4xx_hal_tim.o
                0x0000000008001ce6                HAL_TIM_TriggerCallback
 .text.HAL_TIM_IRQHandler
                0x0000000008001ce8      0x17a build/stm32f4xx_hal_tim.o
                0x0000000008001ce8                HAL_TIM_IRQHandler
 *fill*         0x0000000008001e62        0x2 
 .text.TIM_Base_SetConfig
                0x0000000008001e64       0xc8 build/stm32f4xx_hal_tim.o
                0x0000000008001e64                TIM_Base_SetConfig
 .text.HAL_TIM_Base_Init
                0x0000000008001f2c       0x34 build/stm32f4xx_hal_tim.o
                0x0000000008001f2c                HAL_TIM_Base_Init
 .text.TIM_ETR_SetConfig
                0x0000000008001f60       0x18 build/stm32f4xx_hal_tim.o
                0x0000000008001f60                TIM_ETR_SetConfig
 .text.HAL_TIM_ConfigClockSource
                0x0000000008001f78       0xdc build/stm32f4xx_hal_tim.o
                0x0000000008001f78                HAL_TIM_ConfigClockSource
 .text.HAL_TIMEx_MasterConfigSynchronization
                0x0000000008002054       0x46 build/stm32f4xx_hal_tim_ex.o
                0x0000000008002054                HAL_TIMEx_MasterConfigSynchronization
 .text.HAL_TIMEx_CommutCallback
                0x000000000800209a        0x2 build/stm32f4xx_hal_tim_ex.o
                0x000000000800209a                HAL_TIMEx_CommutCallback
 .text.HAL_TIMEx_BreakCallback
                0x000000000800209c        0x2 build/stm32f4xx_hal_tim_ex.o
                0x000000000800209c                HAL_TIMEx_BreakCallback
 *fill*         0x000000000800209e        0x2 
 .text.HAL_RCC_OscConfig
                0x00000000080020a0      0x398 build/stm32f4xx_hal_rcc.o
                0x00000000080020a0                HAL_RCC_OscConfig
 .text.HAL_RCC_GetSysClockFreq
                0x0000000008002438       0xd4 build/stm32f4xx_hal_rcc.o
                0x0000000008002438                HAL_RCC_GetSysClockFreq
 .text.HAL_RCC_ClockConfig
                0x000000000800250c      0x15c build/stm32f4xx_hal_rcc.o
                0x000000000800250c                HAL_RCC_ClockConfig
 .text.HAL_GPIO_Init
                0x0000000008002668      0x1c8 build/stm32f4xx_hal_gpio.o
                0x0000000008002668                HAL_GPIO_Init
 .text.HAL_GPIO_WritePin
                0x0000000008002830        0xc build/stm32f4xx_hal_gpio.o
                0x0000000008002830                HAL_GPIO_WritePin
 .text.DMA_SetConfig
                0x000000000800283c       0x2c build/stm32f4xx_hal_dma.o
 .text.DMA_CalcBaseAndBitshift
                0x0000000008002868       0x44 build/stm32f4xx_hal_dma.o
 .text.DMA_CheckFifoParam
                0x00000000080028ac       0x8e build/stm32f4xx_hal_dma.o
 *fill*         0x000000000800293a        0x2 
 .text.HAL_DMA_Init
                0x000000000800293c       0xcc build/stm32f4xx_hal_dma.o
                0x000000000800293c                HAL_DMA_Init
 .text.HAL_DMA_Start_IT
                0x0000000008002a08       0x74 build/stm32f4xx_hal_dma.o
                0x0000000008002a08                HAL_DMA_Start_IT
 .text.HAL_DMA_IRQHandler
                0x0000000008002a7c      0x1dc build/stm32f4xx_hal_dma.o
                0x0000000008002a7c                HAL_DMA_IRQHandler
 .text.HAL_NVIC_SetPriorityGrouping
                0x0000000008002c58       0x24 build/stm32f4xx_hal_cortex.o
                0x0000000008002c58                HAL_NVIC_SetPriorityGrouping
 .text.HAL_NVIC_SetPriority
                0x0000000008002c7c       0x68 build/stm32f4xx_hal_cortex.o
                0x0000000008002c7c                HAL_NVIC_SetPriority
 .text.HAL_NVIC_EnableIRQ
                0x0000000008002ce4       0x1c build/stm32f4xx_hal_cortex.o
                0x0000000008002ce4                HAL_NVIC_EnableIRQ
 .text.HAL_SYSTICK_Config
                0x0000000008002d00       0x2c build/stm32f4xx_hal_cortex.o
                0x0000000008002d00                HAL_SYSTICK_Config
 .text.HAL_InitTick
                0x0000000008002d2c       0x4c build/stm32f4xx_hal.o
                0x0000000008002d2c                HAL_InitTick
 .text.HAL_Init
                0x0000000008002d78       0x34 build/stm32f4xx_hal.o
                0x0000000008002d78                HAL_Init
 .text.HAL_IncTick
                0x0000000008002dac       0x18 build/stm32f4xx_hal.o
                0x0000000008002dac                HAL_IncTick
 .text.HAL_GetTick
                0x0000000008002dc4        0xc build/stm32f4xx_hal.o
                0x0000000008002dc4                HAL_GetTick
 .text.SystemInit
                0x0000000008002dd0       0x4c build/system_stm32f4xx.o
                0x0000000008002dd0                SystemInit
 .text.ADC_Init
                0x0000000008002e1c      0x134 build/stm32f4xx_hal_adc.o
 .text.HAL_ADC_Init
                0x0000000008002f50       0x56 build/stm32f4xx_hal_adc.o
                0x0000000008002f50                HAL_ADC_Init
 *fill*         0x0000000008002fa6        0x2 
 .text.HAL_ADC_Start_DMA
                0x0000000008002fa8      0x178 build/stm32f4xx_hal_adc.o
                0x0000000008002fa8                HAL_ADC_Start_DMA
 .text.ADC_DMAHalfConvCplt
                0x0000000008003120        0xa build/stm32f4xx_hal_adc.o
 .text.HAL_ADC_ErrorCallback
                0x000000000800312a        0x2 build/stm32f4xx_hal_adc.o
                0x000000000800312a                HAL_ADC_ErrorCallback
 .text.ADC_DMAError
                0x000000000800312c       0x16 build/stm32f4xx_hal_adc.o
 .text.ADC_DMAConvCplt
                0x0000000008003142       0x72 build/stm32f4xx_hal_adc.o
 .text.HAL_ADC_ConfigChannel
                0x00000000080031b4      0x190 build/stm32f4xx_hal_adc.o
                0x00000000080031b4                HAL_ADC_ConfigChannel
 .text.HAL_DAC_Init
                0x0000000008003344       0x24 build/stm32f4xx_hal_dac.o
                0x0000000008003344                HAL_DAC_Init
 .text.HAL_DAC_Start_DMA
                0x0000000008003368       0xf0 build/stm32f4xx_hal_dac.o
                0x0000000008003368                HAL_DAC_Start_DMA
 .text.HAL_DAC_ConvCpltCallbackCh1
                0x0000000008003458        0x2 build/stm32f4xx_hal_dac.o
                0x0000000008003458                HAL_DAC_ConvCpltCallbackCh1
 .text.DAC_DMAConvCpltCh1
                0x000000000800345a       0x10 build/stm32f4xx_hal_dac.o
 .text.HAL_DAC_ConvHalfCpltCallbackCh1
                0x000000000800346a        0x2 build/stm32f4xx_hal_dac.o
                0x000000000800346a                HAL_DAC_ConvHalfCpltCallbackCh1
 .text.DAC_DMAHalfConvCpltCh1
                0x000000000800346c        0xa build/stm32f4xx_hal_dac.o
 .text.HAL_DAC_ErrorCallbackCh1
                0x0000000008003476        0x2 build/stm32f4xx_hal_dac.o
                0x0000000008003476                HAL_DAC_ErrorCallbackCh1
 .text.DAC_DMAErrorCh1
                0x0000000008003478       0x18 build/stm32f4xx_hal_dac.o
 .text.HAL_DAC_DMAUnderrunCallbackCh1
                0x0000000008003490        0x2 build/stm32f4xx_hal_dac.o
                0x0000000008003490                HAL_DAC_DMAUnderrunCallbackCh1
 .text.HAL_DAC_IRQHandler
                0x0000000008003492       0x60 build/stm32f4xx_hal_dac.o
                0x0000000008003492                HAL_DAC_IRQHandler
 .text.HAL_DAC_ConfigChannel
                0x00000000080034f2       0x4a build/stm32f4xx_hal_dac.o
                0x00000000080034f2                HAL_DAC_ConfigChannel
 .text.HAL_DACEx_ConvCpltCallbackCh2
                0x000000000800353c        0x2 build/stm32f4xx_hal_dac_ex.o
                0x000000000800353c                HAL_DACEx_ConvCpltCallbackCh2
 .text.HAL_DACEx_ConvHalfCpltCallbackCh2
                0x000000000800353e        0x2 build/stm32f4xx_hal_dac_ex.o
                0x000000000800353e                HAL_DACEx_ConvHalfCpltCallbackCh2
 .text.HAL_DACEx_ErrorCallbackCh2
                0x0000000008003540        0x2 build/stm32f4xx_hal_dac_ex.o
                0x0000000008003540                HAL_DACEx_ErrorCallbackCh2
 .text.HAL_DACEx_DMAUnderrunCallbackCh2
                0x0000000008003542        0x2 build/stm32f4xx_hal_dac_ex.o
                0x0000000008003542                HAL_DACEx_DMAUnderrunCallbackCh2
 .text.DAC_DMAConvCpltCh2
                0x0000000008003544       0x10 build/stm32f4xx_hal_dac_ex.o
                0x0000000008003544                DAC_DMAConvCpltCh2
 .text.DAC_DMAHalfConvCpltCh2
                0x0000000008003554        0xa build/stm32f4xx_hal_dac_ex.o
                0x0000000008003554                DAC_DMAHalfConvCpltCh2
 .text.DAC_DMAErrorCh2
                0x000000000800355e       0x18 build/stm32f4xx_hal_dac_ex.o
                0x000000000800355e                DAC_DMAErrorCh2
 *fill*         0x0000000008003576        0x2 
 .text.Reset_Handler
                0x0000000008003578       0x50 build/startup_stm32f407xx.o
                0x0000000008003578                Reset_Handler
 .text.Default_Handler
                0x00000000080035c8        0x2 build/startup_stm32f407xx.o
                0x00000000080035c8                RTC_Alarm_IRQHandler
                0x00000000080035c8                HASH_RNG_IRQHandler
                0x00000000080035c8                EXTI2_IRQHandler
                0x00000000080035c8                TIM8_CC_IRQHandler
                0x00000000080035c8                TIM1_CC_IRQHandler
                0x00000000080035c8                DMA2_Stream5_IRQHandler
                0x00000000080035c8                PVD_IRQHandler
                0x00000000080035c8                SDIO_IRQHandler
                0x00000000080035c8                TAMP_STAMP_IRQHandler
                0x00000000080035c8                CAN2_RX1_IRQHandler
                0x00000000080035c8                EXTI3_IRQHandler
                0x00000000080035c8                TIM8_TRG_COM_TIM14_IRQHandler
                0x00000000080035c8                TIM1_UP_TIM10_IRQHandler
                0x00000000080035c8                TIM8_UP_TIM13_IRQHandler
                0x00000000080035c8                I2C3_ER_IRQHandler
                0x00000000080035c8                EXTI0_IRQHandler
                0x00000000080035c8                I2C2_EV_IRQHandler
                0x00000000080035c8                DMA1_Stream2_IRQHandler
                0x00000000080035c8                CAN1_RX0_IRQHandler
                0x00000000080035c8                FPU_IRQHandler
                0x00000000080035c8                OTG_HS_WKUP_IRQHandler
                0x00000000080035c8                CAN2_SCE_IRQHandler
                0x00000000080035c8                DMA2_Stream2_IRQHandler
                0x00000000080035c8                SPI1_IRQHandler
                0x00000000080035c8                TIM1_BRK_TIM9_IRQHandler
                0x00000000080035c8                DCMI_IRQHandler
                0x00000000080035c8                CAN2_RX0_IRQHandler
                0x00000000080035c8                DMA2_Stream3_IRQHandler
                0x00000000080035c8                USART6_IRQHandler
                0x00000000080035c8                USART3_IRQHandler
                0x00000000080035c8                CAN1_RX1_IRQHandler
                0x00000000080035c8                UART5_IRQHandler
                0x00000000080035c8                TIM4_IRQHandler
                0x00000000080035c8                I2C1_EV_IRQHandler
                0x00000000080035c8                DMA1_Stream6_IRQHandler
                0x00000000080035c8                DMA1_Stream1_IRQHandler
                0x00000000080035c8                UART4_IRQHandler
                0x00000000080035c8                TIM3_IRQHandler
                0x00000000080035c8                RCC_IRQHandler
                0x00000000080035c8                TIM8_BRK_TIM12_IRQHandler
                0x00000000080035c8                Default_Handler
                0x00000000080035c8                EXTI15_10_IRQHandler
                0x00000000080035c8                ADC_IRQHandler
                0x00000000080035c8                DMA1_Stream7_IRQHandler
                0x00000000080035c8                TIM7_IRQHandler
                0x00000000080035c8                CAN2_TX_IRQHandler
                0x00000000080035c8                TIM5_IRQHandler
                0x00000000080035c8                DMA2_Stream7_IRQHandler
                0x00000000080035c8                I2C3_EV_IRQHandler
                0x00000000080035c8                EXTI9_5_IRQHandler
                0x00000000080035c8                RTC_WKUP_IRQHandler
                0x00000000080035c8                ETH_WKUP_IRQHandler
                0x00000000080035c8                SPI2_IRQHandler
                0x00000000080035c8                OTG_HS_EP1_IN_IRQHandler
                0x00000000080035c8                DMA1_Stream0_IRQHandler
                0x00000000080035c8                CAN1_TX_IRQHandler
                0x00000000080035c8                EXTI4_IRQHandler
                0x00000000080035c8                FSMC_IRQHandler
                0x00000000080035c8                ETH_IRQHandler
                0x00000000080035c8                OTG_HS_EP1_OUT_IRQHandler
                0x00000000080035c8                WWDG_IRQHandler
                0x00000000080035c8                TIM2_IRQHandler
                0x00000000080035c8                OTG_FS_WKUP_IRQHandler
                0x00000000080035c8                TIM1_TRG_COM_TIM11_IRQHandler
                0x00000000080035c8                OTG_HS_IRQHandler
                0x00000000080035c8                EXTI1_IRQHandler
                0x00000000080035c8                USART2_IRQHandler
                0x00000000080035c8                I2C2_ER_IRQHandler
                0x00000000080035c8                DMA2_Stream1_IRQHandler
                0x00000000080035c8                CAN1_SCE_IRQHandler
                0x00000000080035c8                FLASH_IRQHandler
                0x00000000080035c8                DMA2_Stream4_IRQHandler
                0x00000000080035c8                USART1_IRQHandler
                0x00000000080035c8                OTG_FS_IRQHandler
                0x00000000080035c8                SPI3_IRQHandler
                0x00000000080035c8                DMA1_Stream4_IRQHandler
                0x00000000080035c8                I2C1_ER_IRQHandler
                0x00000000080035c8                DMA2_Stream6_IRQHandler
                0x00000000080035c8                DMA1_Stream3_IRQHandler
 *fill*         0x00000000080035ca        0x2 
 .text.__libc_init_array
                0x00000000080035cc       0x48 /home/onur/STM32Toolchain/gcc-arm/bin/../lib/gcc/arm-none-eabi/8.2.1/../../../../arm-none-eabi/lib/thumb/v7e-m+fp/hard/libc_nano.a(lib_a-init.o)
                0x00000000080035cc                __libc_init_array
 .text.memset   0x0000000008003614       0x10 /home/onur/STM32Toolchain/gcc-arm/bin/../lib/gcc/arm-none-eabi/8.2.1/../../../../arm-none-eabi/lib/thumb/v7e-m+fp/hard/libc_nano.a(lib_a-memset.o)
                0x0000000008003614                memset
 *fill*         0x0000000008003624        0x4 
 .text.cos      0x0000000008003628       0xc0 /home/onur/STM32Toolchain/gcc-arm/bin/../lib/gcc/arm-none-eabi/8.2.1/../../../../arm-none-eabi/lib/thumb/v7e-m+fp/hard/libm.a(lib_a-s_cos.o)
                0x0000000008003628                cos
 .text.sin      0x00000000080036e8       0xc0 /home/onur/STM32Toolchain/gcc-arm/bin/../lib/gcc/arm-none-eabi/8.2.1/../../../../arm-none-eabi/lib/thumb/v7e-m+fp/hard/libm.a(lib_a-s_sin.o)
                0x00000000080036e8                sin
 .text.sqrt     0x00000000080037a8       0xbc /home/onur/STM32Toolchain/gcc-arm/bin/../lib/gcc/arm-none-eabi/8.2.1/../../../../arm-none-eabi/lib/thumb/v7e-m+fp/hard/libm.a(lib_a-w_sqrt.o)
                0x00000000080037a8                sqrt
 *fill*         0x0000000008003864        0x4 
 .text.__ieee754_rem_pio2
                0x0000000008003868      0x42c /home/onur/STM32Toolchain/gcc-arm/bin/../lib/gcc/arm-none-eabi/8.2.1/../../../../arm-none-eabi/lib/thumb/v7e-m+fp/hard/libm.a(lib_a-e_rem_pio2.o)
                0x0000000008003868                __ieee754_rem_pio2
 .text.__ieee754_sqrt
                0x0000000008003c94      0x198 /home/onur/STM32Toolchain/gcc-arm/bin/../lib/gcc/arm-none-eabi/8.2.1/../../../../arm-none-eabi/lib/thumb/v7e-m+fp/hard/libm.a(lib_a-e_sqrt.o)
                0x0000000008003c94                __ieee754_sqrt
 *fill*         0x0000000008003e2c        0x4 
 .text.__kernel_cos
                0x0000000008003e30      0x284 /home/onur/STM32Toolchain/gcc-arm/bin/../lib/gcc/arm-none-eabi/8.2.1/../../../../arm-none-eabi/lib/thumb/v7e-m+fp/hard/libm.a(lib_a-k_cos.o)
                0x0000000008003e30                __kernel_cos
 *fill*         0x00000000080040b4        0x4 
 .text.__kernel_rem_pio2
                0x00000000080040b8      0x82c /home/onur/STM32Toolchain/gcc-arm/bin/../lib/gcc/arm-none-eabi/8.2.1/../../../../arm-none-eabi/lib/thumb/v7e-m+fp/hard/libm.a(lib_a-k_rem_pio2.o)
                0x00000000080040b8                __kernel_rem_pio2
 *fill*         0x00000000080048e4        0x4 
 .text.__kernel_sin
                0x00000000080048e8      0x194 /home/onur/STM32Toolchain/gcc-arm/bin/../lib/gcc/arm-none-eabi/8.2.1/../../../../arm-none-eabi/lib/thumb/v7e-m+fp/hard/libm.a(lib_a-k_sin.o)
                0x00000000080048e8                __kernel_sin
 .text.fabs     0x0000000008004a7c       0x14 /home/onur/STM32Toolchain/gcc-arm/bin/../lib/gcc/arm-none-eabi/8.2.1/../../../../arm-none-eabi/lib/thumb/v7e-m+fp/hard/libm.a(lib_a-s_fabs.o)
                0x0000000008004a7c                fabs
 .text.floor    0x0000000008004a90      0x108 /home/onur/STM32Toolchain/gcc-arm/bin/../lib/gcc/arm-none-eabi/8.2.1/../../../../arm-none-eabi/lib/thumb/v7e-m+fp/hard/libm.a(lib_a-s_floor.o)
                0x0000000008004a90                floor
 .text.matherr  0x0000000008004b98        0x4 /home/onur/STM32Toolchain/gcc-arm/bin/../lib/gcc/arm-none-eabi/8.2.1/../../../../arm-none-eabi/lib/thumb/v7e-m+fp/hard/libm.a(lib_a-s_matherr.o)
                0x0000000008004b98                matherr
 *fill*         0x0000000008004b9c        0x4 
 .text.scalbn   0x0000000008004ba0      0x124 /home/onur/STM32Toolchain/gcc-arm/bin/../lib/gcc/arm-none-eabi/8.2.1/../../../../arm-none-eabi/lib/thumb/v7e-m+fp/hard/libm.a(lib_a-s_scalbn.o)
                0x0000000008004ba0                scalbn
 .text.__errno  0x0000000008004cc4        0xc /home/onur/STM32Toolchain/gcc-arm/bin/../lib/gcc/arm-none-eabi/8.2.1/../../../../arm-none-eabi/lib/thumb/v7e-m+fp/hard/libc_nano.a(lib_a-errno.o)
                0x0000000008004cc4                __errno
 *(.glue_7)
 .glue_7        0x0000000008004cd0        0x0 linker stubs
 *(.glue_7t)
 .glue_7t       0x0000000008004cd0        0x0 linker stubs
 *(.eh_frame)
 .eh_frame      0x0000000008004cd0        0x0 /home/onur/STM32Toolchain/gcc-arm/bin/../lib/gcc/arm-none-eabi/8.2.1/thumb/v7e-m+fp/hard/crtbegin.o
 *(.init)
 .init          0x0000000008004cd0        0x4 /home/onur/STM32Toolchain/gcc-arm/bin/../lib/gcc/arm-none-eabi/8.2.1/thumb/v7e-m+fp/hard/crti.o
                0x0000000008004cd0                _init
 .init          0x0000000008004cd4        0x8 /home/onur/STM32Toolchain/gcc-arm/bin/../lib/gcc/arm-none-eabi/8.2.1/thumb/v7e-m+fp/hard/crtn.o
 *(.fini)
 .fini          0x0000000008004cdc        0x4 /home/onur/STM32Toolchain/gcc-arm/bin/../lib/gcc/arm-none-eabi/8.2.1/thumb/v7e-m+fp/hard/crti.o
                0x0000000008004cdc                _fini
 .fini          0x0000000008004ce0        0x8 /home/onur/STM32Toolchain/gcc-arm/bin/../lib/gcc/arm-none-eabi/8.2.1/thumb/v7e-m+fp/hard/crtn.o
                0x0000000008004ce8                . = ALIGN (0x4)
                0x0000000008004ce8                _etext = .

.vfp11_veneer   0x0000000008004ce8        0x0
 .vfp11_veneer  0x0000000008004ce8        0x0 linker stubs

.v4_bx          0x0000000008004ce8        0x0
 .v4_bx         0x0000000008004ce8        0x0 linker stubs

.iplt           0x0000000008004ce8        0x0
 .iplt          0x0000000008004ce8        0x0 /home/onur/STM32Toolchain/gcc-arm/bin/../lib/gcc/arm-none-eabi/8.2.1/thumb/v7e-m+fp/hard/crtbegin.o

.rodata         0x0000000008004ce8      0x1f8
                0x0000000008004ce8                . = ALIGN (0x4)
 *(.rodata)
 *(.rodata*)
 .rodata.flagBitshiftOffset.8346
                0x0000000008004ce8        0x8 build/stm32f4xx_hal_dma.o
 .rodata.AHBPrescTable
                0x0000000008004cf0       0x10 build/system_stm32f4xx.o
                0x0000000008004cf0                AHBPrescTable
 .rodata.sqrt.str1.4
                0x0000000008004d00        0x8 /home/onur/STM32Toolchain/gcc-arm/bin/../lib/gcc/arm-none-eabi/8.2.1/../../../../arm-none-eabi/lib/thumb/v7e-m+fp/hard/libm.a(lib_a-w_sqrt.o)
                                          0x5 (size before relaxing)
 .rodata.npio2_hw
                0x0000000008004d08       0x80 /home/onur/STM32Toolchain/gcc-arm/bin/../lib/gcc/arm-none-eabi/8.2.1/../../../../arm-none-eabi/lib/thumb/v7e-m+fp/hard/libm.a(lib_a-e_rem_pio2.o)
 .rodata.two_over_pi
                0x0000000008004d88      0x108 /home/onur/STM32Toolchain/gcc-arm/bin/../lib/gcc/arm-none-eabi/8.2.1/../../../../arm-none-eabi/lib/thumb/v7e-m+fp/hard/libm.a(lib_a-e_rem_pio2.o)
 .rodata.PIo2   0x0000000008004e90       0x40 /home/onur/STM32Toolchain/gcc-arm/bin/../lib/gcc/arm-none-eabi/8.2.1/../../../../arm-none-eabi/lib/thumb/v7e-m+fp/hard/libm.a(lib_a-k_rem_pio2.o)
 .rodata.init_jk
                0x0000000008004ed0       0x10 /home/onur/STM32Toolchain/gcc-arm/bin/../lib/gcc/arm-none-eabi/8.2.1/../../../../arm-none-eabi/lib/thumb/v7e-m+fp/hard/libm.a(lib_a-k_rem_pio2.o)
                0x0000000008004ee0                . = ALIGN (0x4)

.ARM.extab
 *(.ARM.extab* .gnu.linkonce.armextab.*)

.ARM            0x0000000008004ee0        0x8
                0x0000000008004ee0                __exidx_start = .
 *(.ARM.exidx*)
 .ARM.exidx     0x0000000008004ee0        0x8 /home/onur/STM32Toolchain/gcc-arm/bin/../lib/gcc/arm-none-eabi/8.2.1/thumb/v7e-m+fp/hard/libgcc.a(_udivmoddi4.o)
                0x0000000008004ee8                __exidx_end = .

.rel.dyn        0x0000000008004ee8        0x0
 .rel.iplt      0x0000000008004ee8        0x0 /home/onur/STM32Toolchain/gcc-arm/bin/../lib/gcc/arm-none-eabi/8.2.1/thumb/v7e-m+fp/hard/crtbegin.o

.preinit_array  0x0000000008004ee8        0x0
                0x0000000008004ee8                PROVIDE (__preinit_array_start = .)
 *(.preinit_array*)
                0x0000000008004ee8                PROVIDE (__preinit_array_end = .)

.init_array     0x0000000008004ee8        0x4
                0x0000000008004ee8                PROVIDE (__init_array_start = .)
 *(SORT_BY_NAME(.init_array.*))
 *(.init_array*)
 .init_array    0x0000000008004ee8        0x4 /home/onur/STM32Toolchain/gcc-arm/bin/../lib/gcc/arm-none-eabi/8.2.1/thumb/v7e-m+fp/hard/crtbegin.o
                0x0000000008004eec                PROVIDE (__init_array_end = .)

.fini_array     0x0000000008004eec        0x4
                [!provide]                        PROVIDE (__fini_array_start = .)
 *(SORT_BY_NAME(.fini_array.*))
 *(.fini_array*)
 .fini_array    0x0000000008004eec        0x4 /home/onur/STM32Toolchain/gcc-arm/bin/../lib/gcc/arm-none-eabi/8.2.1/thumb/v7e-m+fp/hard/crtbegin.o
                [!provide]                        PROVIDE (__fini_array_end = .)
                0x0000000008004ef0                _sidata = LOADADDR (.data)

.data           0x0000000020000000       0x74 load address 0x0000000008004ef0
                0x0000000020000000                . = ALIGN (0x4)
                0x0000000020000000                _sdata = .
 *(.data)
 *(.data*)
 .data.uwTickFreq
                0x0000000020000000        0x1 build/stm32f4xx_hal.o
                0x0000000020000000                uwTickFreq
 *fill*         0x0000000020000001        0x3 
 .data.uwTickPrio
                0x0000000020000004        0x4 build/stm32f4xx_hal.o
                0x0000000020000004                uwTickPrio
 .data.SystemCoreClock
                0x0000000020000008        0x4 build/system_stm32f4xx.o
                0x0000000020000008                SystemCoreClock
 .data._impure_ptr
                0x000000002000000c        0x4 /home/onur/STM32Toolchain/gcc-arm/bin/../lib/gcc/arm-none-eabi/8.2.1/../../../../arm-none-eabi/lib/thumb/v7e-m+fp/hard/libc_nano.a(lib_a-impure.o)
                0x000000002000000c                _impure_ptr
 .data.impure_data
                0x0000000020000010       0x60 /home/onur/STM32Toolchain/gcc-arm/bin/../lib/gcc/arm-none-eabi/8.2.1/../../../../arm-none-eabi/lib/thumb/v7e-m+fp/hard/libc_nano.a(lib_a-impure.o)
 .data.__fdlib_version
                0x0000000020000070        0x1 /home/onur/STM32Toolchain/gcc-arm/bin/../lib/gcc/arm-none-eabi/8.2.1/../../../../arm-none-eabi/lib/thumb/v7e-m+fp/hard/libm.a(lib_a-s_lib_ver.o)
                0x0000000020000070                __fdlib_version
                0x0000000020000074                . = ALIGN (0x4)
 *fill*         0x0000000020000071        0x3 
                0x0000000020000074                _edata = .
                0x0000000008004f64                _siccmram = LOADADDR (.ccmram)

.igot.plt       0x0000000020000074        0x0 load address 0x0000000008004f64
 .igot.plt      0x0000000020000074        0x0 /home/onur/STM32Toolchain/gcc-arm/bin/../lib/gcc/arm-none-eabi/8.2.1/thumb/v7e-m+fp/hard/crtbegin.o

.ccmram         0x0000000010000000        0x0 load address 0x0000000008004f64
                0x0000000010000000                . = ALIGN (0x4)
                0x0000000010000000                _sccmram = .
 *(.ccmram)
 *(.ccmram*)
                0x0000000010000000                . = ALIGN (0x4)
                0x0000000010000000                _eccmram = .
                0x0000000010000000                . = ALIGN (0x4)

.bss            0x0000000020000074     0xf82c
                0x0000000020000074                _sbss = .
                0x0000000020000074                __bss_start__ = _sbss
 *(.bss)
 .bss           0x0000000020000074       0x1c /home/onur/STM32Toolchain/gcc-arm/bin/../lib/gcc/arm-none-eabi/8.2.1/thumb/v7e-m+fp/hard/crtbegin.o
 *(.bss*)
 *(COMMON)
 COMMON         0x0000000020000090     0xf80a build/main.o
                0x0000000020000090                FreqResponse
                0x0000000020000890                TickDifferenceFreqResp
                0x0000000020000894                hdma_dac1
                0x00000000200008f4                hadc1
                0x000000002000093c                ADCBuffer
                0x0000000020007e6c                hdac
                0x0000000020007e80                hdma_adc1
                0x0000000020007ee0                htim6
                0x0000000020007f20                TickDifferenceTable
                0x0000000020007f24                Signal
                0x0000000020008324                TickDifferenceWait
                0x0000000020008328                htim2
                0x0000000020008368                DACTable
                0x000000002000f898                Flags
 *fill*         0x000000002000f89a        0x2 
 COMMON         0x000000002000f89c        0x4 build/stm32f4xx_hal.o
                0x000000002000f89c                uwTick
                0x000000002000f8a0                . = ALIGN (0x4)
                0x000000002000f8a0                _ebss = .
                0x000000002000f8a0                __bss_end__ = _ebss

._user_heap_stack
                0x000000002000f8a0      0x600
                0x000000002000f8a0                . = ALIGN (0x8)
                [!provide]                        PROVIDE (end = .)
                [!provide]                        PROVIDE (_end = .)
                0x000000002000faa0                . = (. + _Min_Heap_Size)
 *fill*         0x000000002000f8a0      0x200 
                0x000000002000fea0                . = (. + _Min_Stack_Size)
 *fill*         0x000000002000faa0      0x400 
                0x000000002000fea0                . = ALIGN (0x8)

/DISCARD/
 libc.a(*)
 libm.a(*)
 libgcc.a(*)

.ARM.attributes
                0x0000000000000000       0x30
 *(.ARM.attributes)
 .ARM.attributes
                0x0000000000000000       0x1e /home/onur/STM32Toolchain/gcc-arm/bin/../lib/gcc/arm-none-eabi/8.2.1/thumb/v7e-m+fp/hard/crti.o
 .ARM.attributes
                0x000000000000001e       0x34 /home/onur/STM32Toolchain/gcc-arm/bin/../lib/gcc/arm-none-eabi/8.2.1/thumb/v7e-m+fp/hard/crtbegin.o
 .ARM.attributes
                0x0000000000000052       0x34 build/main.o
 .ARM.attributes
                0x0000000000000086       0x34 build/stm32f4xx_it.o
 .ARM.attributes
                0x00000000000000ba       0x34 build/stm32f4xx_hal_msp.o
 .ARM.attributes
                0x00000000000000ee       0x34 build/stm32f4xx_hal_tim.o
 .ARM.attributes
                0x0000000000000122       0x34 build/stm32f4xx_hal_tim_ex.o
 .ARM.attributes
                0x0000000000000156       0x34 build/stm32f4xx_hal_rcc.o
 .ARM.attributes
                0x000000000000018a       0x34 build/stm32f4xx_hal_gpio.o
 .ARM.attributes
                0x00000000000001be       0x34 build/stm32f4xx_hal_dma.o
 .ARM.attributes
                0x00000000000001f2       0x34 build/stm32f4xx_hal_cortex.o
 .ARM.attributes
                0x0000000000000226       0x34 build/stm32f4xx_hal.o
 .ARM.attributes
                0x000000000000025a       0x34 build/system_stm32f4xx.o
 .ARM.attributes
                0x000000000000028e       0x34 build/stm32f4xx_hal_adc.o
 .ARM.attributes
                0x00000000000002c2       0x34 build/stm32f4xx_hal_dac.o
 .ARM.attributes
                0x00000000000002f6       0x34 build/stm32f4xx_hal_dac_ex.o
 .ARM.attributes
                0x000000000000032a       0x21 build/startup_stm32f407xx.o
 .ARM.attributes
                0x000000000000034b       0x32 /home/onur/STM32Toolchain/gcc-arm/bin/../lib/gcc/arm-none-eabi/8.2.1/../../../../arm-none-eabi/lib/thumb/v7e-m+fp/hard/libc_nano.a(lib_a-impure.o)
 .ARM.attributes
                0x000000000000037d       0x34 /home/onur/STM32Toolchain/gcc-arm/bin/../lib/gcc/arm-none-eabi/8.2.1/../../../../arm-none-eabi/lib/thumb/v7e-m+fp/hard/libc_nano.a(lib_a-init.o)
 .ARM.attributes
                0x00000000000003b1       0x34 /home/onur/STM32Toolchain/gcc-arm/bin/../lib/gcc/arm-none-eabi/8.2.1/../../../../arm-none-eabi/lib/thumb/v7e-m+fp/hard/libc_nano.a(lib_a-memset.o)
 .ARM.attributes
                0x00000000000003e5       0x34 /home/onur/STM32Toolchain/gcc-arm/bin/../lib/gcc/arm-none-eabi/8.2.1/../../../../arm-none-eabi/lib/thumb/v7e-m+fp/hard/libm.a(lib_a-s_cos.o)
 .ARM.attributes
                0x0000000000000419       0x34 /home/onur/STM32Toolchain/gcc-arm/bin/../lib/gcc/arm-none-eabi/8.2.1/../../../../arm-none-eabi/lib/thumb/v7e-m+fp/hard/libm.a(lib_a-s_sin.o)
 .ARM.attributes
                0x000000000000044d       0x34 /home/onur/STM32Toolchain/gcc-arm/bin/../lib/gcc/arm-none-eabi/8.2.1/../../../../arm-none-eabi/lib/thumb/v7e-m+fp/hard/libm.a(lib_a-w_sqrt.o)
 .ARM.attributes
                0x0000000000000481       0x34 /home/onur/STM32Toolchain/gcc-arm/bin/../lib/gcc/arm-none-eabi/8.2.1/../../../../arm-none-eabi/lib/thumb/v7e-m+fp/hard/libm.a(lib_a-e_rem_pio2.o)
 .ARM.attributes
                0x00000000000004b5       0x34 /home/onur/STM32Toolchain/gcc-arm/bin/../lib/gcc/arm-none-eabi/8.2.1/../../../../arm-none-eabi/lib/thumb/v7e-m+fp/hard/libm.a(lib_a-e_sqrt.o)
 .ARM.attributes
                0x00000000000004e9       0x34 /home/onur/STM32Toolchain/gcc-arm/bin/../lib/gcc/arm-none-eabi/8.2.1/../../../../arm-none-eabi/lib/thumb/v7e-m+fp/hard/libm.a(lib_a-k_cos.o)
 .ARM.attributes
                0x000000000000051d       0x34 /home/onur/STM32Toolchain/gcc-arm/bin/../lib/gcc/arm-none-eabi/8.2.1/../../../../arm-none-eabi/lib/thumb/v7e-m+fp/hard/libm.a(lib_a-k_rem_pio2.o)
 .ARM.attributes
                0x0000000000000551       0x34 /home/onur/STM32Toolchain/gcc-arm/bin/../lib/gcc/arm-none-eabi/8.2.1/../../../../arm-none-eabi/lib/thumb/v7e-m+fp/hard/libm.a(lib_a-k_sin.o)
 .ARM.attributes
                0x0000000000000585       0x34 /home/onur/STM32Toolchain/gcc-arm/bin/../lib/gcc/arm-none-eabi/8.2.1/../../../../arm-none-eabi/lib/thumb/v7e-m+fp/hard/libm.a(lib_a-s_fabs.o)
 .ARM.attributes
                0x00000000000005b9       0x34 /home/onur/STM32Toolchain/gcc-arm/bin/../lib/gcc/arm-none-eabi/8.2.1/../../../../arm-none-eabi/lib/thumb/v7e-m+fp/hard/libm.a(lib_a-s_floor.o)
 .ARM.attributes
                0x00000000000005ed       0x32 /home/onur/STM32Toolchain/gcc-arm/bin/../lib/gcc/arm-none-eabi/8.2.1/../../../../arm-none-eabi/lib/thumb/v7e-m+fp/hard/libm.a(lib_a-s_lib_ver.o)
 .ARM.attributes
                0x000000000000061f       0x34 /home/onur/STM32Toolchain/gcc-arm/bin/../lib/gcc/arm-none-eabi/8.2.1/../../../../arm-none-eabi/lib/thumb/v7e-m+fp/hard/libm.a(lib_a-s_matherr.o)
 .ARM.attributes
                0x0000000000000653       0x34 /home/onur/STM32Toolchain/gcc-arm/bin/../lib/gcc/arm-none-eabi/8.2.1/../../../../arm-none-eabi/lib/thumb/v7e-m+fp/hard/libm.a(lib_a-s_scalbn.o)
 .ARM.attributes
                0x0000000000000687       0x1e /home/onur/STM32Toolchain/gcc-arm/bin/../lib/gcc/arm-none-eabi/8.2.1/thumb/v7e-m+fp/hard/libgcc.a(_arm_addsubdf3.o)
 .ARM.attributes
                0x00000000000006a5       0x1e /home/onur/STM32Toolchain/gcc-arm/bin/../lib/gcc/arm-none-eabi/8.2.1/thumb/v7e-m+fp/hard/libgcc.a(_arm_muldivdf3.o)
 .ARM.attributes
                0x00000000000006c3       0x1e /home/onur/STM32Toolchain/gcc-arm/bin/../lib/gcc/arm-none-eabi/8.2.1/thumb/v7e-m+fp/hard/libgcc.a(_arm_cmpdf2.o)
 .ARM.attributes
                0x00000000000006e1       0x1e /home/onur/STM32Toolchain/gcc-arm/bin/../lib/gcc/arm-none-eabi/8.2.1/thumb/v7e-m+fp/hard/libgcc.a(_arm_unorddf2.o)
 .ARM.attributes
                0x00000000000006ff       0x1e /home/onur/STM32Toolchain/gcc-arm/bin/../lib/gcc/arm-none-eabi/8.2.1/thumb/v7e-m+fp/hard/libgcc.a(_arm_fixdfsi.o)
 .ARM.attributes
                0x000000000000071d       0x1e /home/onur/STM32Toolchain/gcc-arm/bin/../lib/gcc/arm-none-eabi/8.2.1/thumb/v7e-m+fp/hard/libgcc.a(_arm_truncdfsf2.o)
 .ARM.attributes
                0x000000000000073b       0x1e /home/onur/STM32Toolchain/gcc-arm/bin/../lib/gcc/arm-none-eabi/8.2.1/thumb/v7e-m+fp/hard/libgcc.a(_aeabi_uldivmod.o)
 .ARM.attributes
                0x0000000000000759       0x34 /home/onur/STM32Toolchain/gcc-arm/bin/../lib/gcc/arm-none-eabi/8.2.1/thumb/v7e-m+fp/hard/libgcc.a(_udivmoddi4.o)
 .ARM.attributes
                0x000000000000078d       0x1e /home/onur/STM32Toolchain/gcc-arm/bin/../lib/gcc/arm-none-eabi/8.2.1/thumb/v7e-m+fp/hard/libgcc.a(_dvmd_tls.o)
 .ARM.attributes
                0x00000000000007ab       0x34 /home/onur/STM32Toolchain/gcc-arm/bin/../lib/gcc/arm-none-eabi/8.2.1/../../../../arm-none-eabi/lib/thumb/v7e-m+fp/hard/libc_nano.a(lib_a-errno.o)
 .ARM.attributes
                0x00000000000007df       0x1e /home/onur/STM32Toolchain/gcc-arm/bin/../lib/gcc/arm-none-eabi/8.2.1/thumb/v7e-m+fp/hard/crtn.o
OUTPUT(build/UltrasonicLidar.elf elf32-littlearm)

.debug_info     0x0000000000000000    0x10b63
 .debug_info    0x0000000000000000     0x2fea build/main.o
 .debug_info    0x0000000000002fea      0xa38 build/stm32f4xx_it.o
 .debug_info    0x0000000000003a22     0x14b6 build/stm32f4xx_hal_msp.o
 .debug_info    0x0000000000004ed8     0x3a29 build/stm32f4xx_hal_tim.o
 .debug_info    0x0000000000008901     0x185f build/stm32f4xx_hal_tim_ex.o
 .debug_info    0x000000000000a160      0xbd9 build/stm32f4xx_hal_rcc.o
 .debug_info    0x000000000000ad39      0x8b8 build/stm32f4xx_hal_gpio.o
 .debug_info    0x000000000000b5f1      0xc2e build/stm32f4xx_hal_dma.o
 .debug_info    0x000000000000c21f     0x11f3 build/stm32f4xx_hal_cortex.o
 .debug_info    0x000000000000d412      0xb2e build/stm32f4xx_hal.o
 .debug_info    0x000000000000df40      0x5df build/system_stm32f4xx.o
 .debug_info    0x000000000000e51f     0x104d build/stm32f4xx_hal_adc.o
 .debug_info    0x000000000000f56c      0xcd5 build/stm32f4xx_hal_dac.o
 .debug_info    0x0000000000010241      0x900 build/stm32f4xx_hal_dac_ex.o
 .debug_info    0x0000000000010b41       0x22 build/startup_stm32f407xx.o

.debug_abbrev   0x0000000000000000     0x2496
 .debug_abbrev  0x0000000000000000      0x430 build/main.o
 .debug_abbrev  0x0000000000000430      0x1aa build/stm32f4xx_it.o
 .debug_abbrev  0x00000000000005da      0x26c build/stm32f4xx_hal_msp.o
 .debug_abbrev  0x0000000000000846      0x2af build/stm32f4xx_hal_tim.o
 .debug_abbrev  0x0000000000000af5      0x2ab build/stm32f4xx_hal_tim_ex.o
 .debug_abbrev  0x0000000000000da0      0x2cd build/stm32f4xx_hal_rcc.o
 .debug_abbrev  0x000000000000106d      0x258 build/stm32f4xx_hal_gpio.o
 .debug_abbrev  0x00000000000012c5      0x312 build/stm32f4xx_hal_dma.o
 .debug_abbrev  0x00000000000015d7      0x3b3 build/stm32f4xx_hal_cortex.o
 .debug_abbrev  0x000000000000198a      0x220 build/stm32f4xx_hal.o
 .debug_abbrev  0x0000000000001baa      0x12e build/system_stm32f4xx.o
 .debug_abbrev  0x0000000000001cd8      0x2cd build/stm32f4xx_hal_adc.o
 .debug_abbrev  0x0000000000001fa5      0x25d build/stm32f4xx_hal_dac.o
 .debug_abbrev  0x0000000000002202      0x282 build/stm32f4xx_hal_dac_ex.o
 .debug_abbrev  0x0000000000002484       0x12 build/startup_stm32f407xx.o

.debug_loc      0x0000000000000000     0xb98b
 .debug_loc     0x0000000000000000      0xd42 build/main.o
 .debug_loc     0x0000000000000d42       0x80 build/stm32f4xx_it.o
 .debug_loc     0x0000000000000dc2      0x268 build/stm32f4xx_hal_msp.o
 .debug_loc     0x000000000000102a     0x4e45 build/stm32f4xx_hal_tim.o
 .debug_loc     0x0000000000005e6f     0x1872 build/stm32f4xx_hal_tim_ex.o
 .debug_loc     0x00000000000076e1      0x68d build/stm32f4xx_hal_rcc.o
 .debug_loc     0x0000000000007d6e      0x5fe build/stm32f4xx_hal_gpio.o
 .debug_loc     0x000000000000836c      0xed7 build/stm32f4xx_hal_dma.o
 .debug_loc     0x0000000000009243      0x790 build/stm32f4xx_hal_cortex.o
 .debug_loc     0x00000000000099d3      0x1cc build/stm32f4xx_hal.o
 .debug_loc     0x0000000000009b9f      0x16c build/system_stm32f4xx.o
 .debug_loc     0x0000000000009d0b      0xdca build/stm32f4xx_hal_adc.o
 .debug_loc     0x000000000000aad5      0xa9b build/stm32f4xx_hal_dac.o
 .debug_loc     0x000000000000b570      0x41b build/stm32f4xx_hal_dac_ex.o

.debug_aranges  0x0000000000000000      0xbd8
 .debug_aranges
                0x0000000000000000       0xa8 build/main.o
 .debug_aranges
                0x00000000000000a8       0x78 build/stm32f4xx_it.o
 .debug_aranges
                0x0000000000000120       0x50 build/stm32f4xx_hal_msp.o
 .debug_aranges
                0x0000000000000170      0x3a8 build/stm32f4xx_hal_tim.o
 .debug_aranges
                0x0000000000000518      0x150 build/stm32f4xx_hal_tim_ex.o
 .debug_aranges
                0x0000000000000668       0x88 build/stm32f4xx_hal_rcc.o
 .debug_aranges
                0x00000000000006f0       0x58 build/stm32f4xx_hal_gpio.o
 .debug_aranges
                0x0000000000000748       0x90 build/stm32f4xx_hal_dma.o
 .debug_aranges
                0x00000000000007d8       0xa8 build/stm32f4xx_hal_cortex.o
 .debug_aranges
                0x0000000000000880       0xf0 build/stm32f4xx_hal.o
 .debug_aranges
                0x0000000000000970       0x28 build/system_stm32f4xx.o
 .debug_aranges
                0x0000000000000998       0xe8 build/stm32f4xx_hal_adc.o
 .debug_aranges
                0x0000000000000a80       0xc0 build/stm32f4xx_hal_dac.o
 .debug_aranges
                0x0000000000000b40       0x70 build/stm32f4xx_hal_dac_ex.o
 .debug_aranges
                0x0000000000000bb0       0x28 build/startup_stm32f407xx.o

.debug_ranges   0x0000000000000000      0xbe0
 .debug_ranges  0x0000000000000000      0x128 build/main.o
 .debug_ranges  0x0000000000000128       0x68 build/stm32f4xx_it.o
 .debug_ranges  0x0000000000000190       0x40 build/stm32f4xx_hal_msp.o
 .debug_ranges  0x00000000000001d0      0x398 build/stm32f4xx_hal_tim.o
 .debug_ranges  0x0000000000000568      0x140 build/stm32f4xx_hal_tim_ex.o
 .debug_ranges  0x00000000000006a8       0x90 build/stm32f4xx_hal_rcc.o
 .debug_ranges  0x0000000000000738       0x48 build/stm32f4xx_hal_gpio.o
 .debug_ranges  0x0000000000000780       0x80 build/stm32f4xx_hal_dma.o
 .debug_ranges  0x0000000000000800       0xe0 build/stm32f4xx_hal_cortex.o
 .debug_ranges  0x00000000000008e0       0xe0 build/stm32f4xx_hal.o
 .debug_ranges  0x00000000000009c0       0x18 build/system_stm32f4xx.o
 .debug_ranges  0x00000000000009d8       0xd8 build/stm32f4xx_hal_adc.o
 .debug_ranges  0x0000000000000ab0       0xb0 build/stm32f4xx_hal_dac.o
 .debug_ranges  0x0000000000000b60       0x60 build/stm32f4xx_hal_dac_ex.o
 .debug_ranges  0x0000000000000bc0       0x20 build/startup_stm32f407xx.o

.debug_line     0x0000000000000000     0xa91d
 .debug_line    0x0000000000000000     0x11ca build/main.o
 .debug_line    0x00000000000011ca      0x2fe build/stm32f4xx_it.o
 .debug_line    0x00000000000014c8      0x4a2 build/stm32f4xx_hal_msp.o
 .debug_line    0x000000000000196a     0x33cd build/stm32f4xx_hal_tim.o
 .debug_line    0x0000000000004d37     0x1097 build/stm32f4xx_hal_tim_ex.o
 .debug_line    0x0000000000005dce      0xa7c build/stm32f4xx_hal_rcc.o
 .debug_line    0x000000000000684a      0x6c8 build/stm32f4xx_hal_gpio.o
 .debug_line    0x0000000000006f12      0xdeb build/stm32f4xx_hal_dma.o
 .debug_line    0x0000000000007cfd      0x762 build/stm32f4xx_hal_cortex.o
 .debug_line    0x000000000000845f      0x52b build/stm32f4xx_hal.o
 .debug_line    0x000000000000898a      0x263 build/system_stm32f4xx.o
 .debug_line    0x0000000000008bed     0x1012 build/stm32f4xx_hal_adc.o
 .debug_line    0x0000000000009bff      0x87d build/stm32f4xx_hal_dac.o
 .debug_line    0x000000000000a47c      0x42d build/stm32f4xx_hal_dac_ex.o
 .debug_line    0x000000000000a8a9       0x74 build/startup_stm32f407xx.o

.debug_str      0x0000000000000000     0x40ac
 .debug_str     0x0000000000000000     0x19b2 build/main.o
                                       0x1ad9 (size before relaxing)
 .debug_str     0x00000000000019b2      0x12c build/stm32f4xx_it.o
                                        0x87b (size before relaxing)
 .debug_str     0x0000000000001ade       0xe7 build/stm32f4xx_hal_msp.o
                                       0x1092 (size before relaxing)
 .debug_str     0x0000000000001bc5      0xd78 build/stm32f4xx_hal_tim.o
                                       0x1526 (size before relaxing)
 .debug_str     0x000000000000293d      0x4d5 build/stm32f4xx_hal_tim_ex.o
                                        0xd3e (size before relaxing)
 .debug_str     0x0000000000002e12      0x1d0 build/stm32f4xx_hal_rcc.o
                                        0x71c (size before relaxing)
 .debug_str     0x0000000000002fe2      0x125 build/stm32f4xx_hal_gpio.o
                                        0x549 (size before relaxing)
 .debug_str     0x0000000000003107      0x2c2 build/stm32f4xx_hal_dma.o
                                        0x7cf (size before relaxing)
 .debug_str     0x00000000000033c9      0x4c0 build/stm32f4xx_hal_cortex.o
                                        0xc83 (size before relaxing)
 .debug_str     0x0000000000003889      0x29d build/stm32f4xx_hal.o
                                        0xbb8 (size before relaxing)
 .debug_str     0x0000000000003b26       0x42 build/system_stm32f4xx.o
                                        0x3ad (size before relaxing)
 .debug_str     0x0000000000003b68      0x24c build/stm32f4xx_hal_adc.o
                                        0x9ac (size before relaxing)
 .debug_str     0x0000000000003db4      0x193 build/stm32f4xx_hal_dac.o
                                        0x82b (size before relaxing)
 .debug_str     0x0000000000003f47      0x140 build/stm32f4xx_hal_dac_ex.o
                                        0x71b (size before relaxing)
 .debug_str     0x0000000000004087       0x25 build/startup_stm32f407xx.o
                                         0x6b (size before relaxing)

.comment        0x0000000000000000       0x75
 .comment       0x0000000000000000       0x75 build/main.o
                                         0x76 (size before relaxing)
 .comment       0x0000000000000075       0x76 build/stm32f4xx_it.o
 .comment       0x0000000000000075       0x76 build/stm32f4xx_hal_msp.o
 .comment       0x0000000000000075       0x76 build/stm32f4xx_hal_tim.o
 .comment       0x0000000000000075       0x76 build/stm32f4xx_hal_tim_ex.o
 .comment       0x0000000000000075       0x76 build/stm32f4xx_hal_rcc.o
 .comment       0x0000000000000075       0x76 build/stm32f4xx_hal_gpio.o
 .comment       0x0000000000000075       0x76 build/stm32f4xx_hal_dma.o
 .comment       0x0000000000000075       0x76 build/stm32f4xx_hal_cortex.o
 .comment       0x0000000000000075       0x76 build/stm32f4xx_hal.o
 .comment       0x0000000000000075       0x76 build/system_stm32f4xx.o
 .comment       0x0000000000000075       0x76 build/stm32f4xx_hal_adc.o
 .comment       0x0000000000000075       0x76 build/stm32f4xx_hal_dac.o
 .comment       0x0000000000000075       0x76 build/stm32f4xx_hal_dac_ex.o

.debug_frame    0x0000000000000000     0x28e0
 .debug_frame   0x0000000000000000      0x324 build/main.o
 .debug_frame   0x0000000000000324      0x100 build/stm32f4xx_it.o
 .debug_frame   0x0000000000000424       0xe4 build/stm32f4xx_hal_msp.o
 .debug_frame   0x0000000000000508      0xbc0 build/stm32f4xx_hal_tim.o
 .debug_frame   0x00000000000010c8      0x430 build/stm32f4xx_hal_tim_ex.o
 .debug_frame   0x00000000000014f8      0x1b0 build/stm32f4xx_hal_rcc.o
 .debug_frame   0x00000000000016a8       0xec build/stm32f4xx_hal_gpio.o
 .debug_frame   0x0000000000001794      0x1c8 build/stm32f4xx_hal_dma.o
 .debug_frame   0x000000000000195c      0x16c build/stm32f4xx_hal_cortex.o
 .debug_frame   0x0000000000001ac8      0x200 build/stm32f4xx_hal.o
 .debug_frame   0x0000000000001cc8       0x30 build/system_stm32f4xx.o
 .debug_frame   0x0000000000001cf8      0x2b8 build/stm32f4xx_hal_adc.o
 .debug_frame   0x0000000000001fb0      0x224 build/stm32f4xx_hal_dac.o
 .debug_frame   0x00000000000021d4      0x114 build/stm32f4xx_hal_dac_ex.o
 .debug_frame   0x00000000000022e8       0x2c /home/onur/STM32Toolchain/gcc-arm/bin/../lib/gcc/arm-none-eabi/8.2.1/../../../../arm-none-eabi/lib/thumb/v7e-m+fp/hard/libc_nano.a(lib_a-init.o)
 .debug_frame   0x0000000000002314       0x20 /home/onur/STM32Toolchain/gcc-arm/bin/../lib/gcc/arm-none-eabi/8.2.1/../../../../arm-none-eabi/lib/thumb/v7e-m+fp/hard/libc_nano.a(lib_a-memset.o)
 .debug_frame   0x0000000000002334       0x3c /home/onur/STM32Toolchain/gcc-arm/bin/../lib/gcc/arm-none-eabi/8.2.1/../../../../arm-none-eabi/lib/thumb/v7e-m+fp/hard/libm.a(lib_a-s_cos.o)
 .debug_frame   0x0000000000002370       0x3c /home/onur/STM32Toolchain/gcc-arm/bin/../lib/gcc/arm-none-eabi/8.2.1/../../../../arm-none-eabi/lib/thumb/v7e-m+fp/hard/libm.a(lib_a-s_sin.o)
 .debug_frame   0x00000000000023ac       0x4c /home/onur/STM32Toolchain/gcc-arm/bin/../lib/gcc/arm-none-eabi/8.2.1/../../../../arm-none-eabi/lib/thumb/v7e-m+fp/hard/libm.a(lib_a-w_sqrt.o)
 .debug_frame   0x00000000000023f8       0x4c /home/onur/STM32Toolchain/gcc-arm/bin/../lib/gcc/arm-none-eabi/8.2.1/../../../../arm-none-eabi/lib/thumb/v7e-m+fp/hard/libm.a(lib_a-e_rem_pio2.o)
 .debug_frame   0x0000000000002444       0x30 /home/onur/STM32Toolchain/gcc-arm/bin/../lib/gcc/arm-none-eabi/8.2.1/../../../../arm-none-eabi/lib/thumb/v7e-m+fp/hard/libm.a(lib_a-e_sqrt.o)
 .debug_frame   0x0000000000002474       0x68 /home/onur/STM32Toolchain/gcc-arm/bin/../lib/gcc/arm-none-eabi/8.2.1/../../../../arm-none-eabi/lib/thumb/v7e-m+fp/hard/libm.a(lib_a-k_cos.o)
 .debug_frame   0x00000000000024dc       0x58 /home/onur/STM32Toolchain/gcc-arm/bin/../lib/gcc/arm-none-eabi/8.2.1/../../../../arm-none-eabi/lib/thumb/v7e-m+fp/hard/libm.a(lib_a-k_rem_pio2.o)
 .debug_frame   0x0000000000002534       0x68 /home/onur/STM32Toolchain/gcc-arm/bin/../lib/gcc/arm-none-eabi/8.2.1/../../../../arm-none-eabi/lib/thumb/v7e-m+fp/hard/libm.a(lib_a-k_sin.o)
 .debug_frame   0x000000000000259c       0x20 /home/onur/STM32Toolchain/gcc-arm/bin/../lib/gcc/arm-none-eabi/8.2.1/../../../../arm-none-eabi/lib/thumb/v7e-m+fp/hard/libm.a(lib_a-s_fabs.o)
 .debug_frame   0x00000000000025bc       0x30 /home/onur/STM32Toolchain/gcc-arm/bin/../lib/gcc/arm-none-eabi/8.2.1/../../../../arm-none-eabi/lib/thumb/v7e-m+fp/hard/libm.a(lib_a-s_floor.o)
 .debug_frame   0x00000000000025ec       0x20 /home/onur/STM32Toolchain/gcc-arm/bin/../lib/gcc/arm-none-eabi/8.2.1/../../../../arm-none-eabi/lib/thumb/v7e-m+fp/hard/libm.a(lib_a-s_matherr.o)
 .debug_frame   0x000000000000260c       0x2c /home/onur/STM32Toolchain/gcc-arm/bin/../lib/gcc/arm-none-eabi/8.2.1/../../../../arm-none-eabi/lib/thumb/v7e-m+fp/hard/libm.a(lib_a-s_scalbn.o)
 .debug_frame   0x0000000000002638       0xac /home/onur/STM32Toolchain/gcc-arm/bin/../lib/gcc/arm-none-eabi/8.2.1/thumb/v7e-m+fp/hard/libgcc.a(_arm_addsubdf3.o)
 .debug_frame   0x00000000000026e4       0x50 /home/onur/STM32Toolchain/gcc-arm/bin/../lib/gcc/arm-none-eabi/8.2.1/thumb/v7e-m+fp/hard/libgcc.a(_arm_muldivdf3.o)
 .debug_frame   0x0000000000002734       0xc4 /home/onur/STM32Toolchain/gcc-arm/bin/../lib/gcc/arm-none-eabi/8.2.1/thumb/v7e-m+fp/hard/libgcc.a(_arm_cmpdf2.o)
 .debug_frame   0x00000000000027f8       0x20 /home/onur/STM32Toolchain/gcc-arm/bin/../lib/gcc/arm-none-eabi/8.2.1/thumb/v7e-m+fp/hard/libgcc.a(_arm_unorddf2.o)
 .debug_frame   0x0000000000002818       0x24 /home/onur/STM32Toolchain/gcc-arm/bin/../lib/gcc/arm-none-eabi/8.2.1/thumb/v7e-m+fp/hard/libgcc.a(_arm_fixdfsi.o)
 .debug_frame   0x000000000000283c       0x24 /home/onur/STM32Toolchain/gcc-arm/bin/../lib/gcc/arm-none-eabi/8.2.1/thumb/v7e-m+fp/hard/libgcc.a(_arm_truncdfsf2.o)
 .debug_frame   0x0000000000002860       0x2c /home/onur/STM32Toolchain/gcc-arm/bin/../lib/gcc/arm-none-eabi/8.2.1/thumb/v7e-m+fp/hard/libgcc.a(_aeabi_uldivmod.o)
 .debug_frame   0x000000000000288c       0x34 /home/onur/STM32Toolchain/gcc-arm/bin/../lib/gcc/arm-none-eabi/8.2.1/thumb/v7e-m+fp/hard/libgcc.a(_udivmoddi4.o)
 .debug_frame   0x00000000000028c0       0x20 /home/onur/STM32Toolchain/gcc-arm/bin/../lib/gcc/arm-none-eabi/8.2.1/../../../../arm-none-eabi/lib/thumb/v7e-m+fp/hard/libc_nano.a(lib_a-errno.o)

Cross Reference Table

Symbol                                            File
ADCBuffer                                         build/main.o
ADC_IRQHandler                                    build/startup_stm32f407xx.o
AHBPrescTable                                     build/system_stm32f4xx.o
                                                  build/stm32f4xx_hal_rcc.o
APBPrescTable                                     build/system_stm32f4xx.o
                                                  build/stm32f4xx_hal_rcc.o
BusFault_Handler                                  build/stm32f4xx_it.o
CAN1_RX0_IRQHandler                               build/startup_stm32f407xx.o
CAN1_RX1_IRQHandler                               build/startup_stm32f407xx.o
CAN1_SCE_IRQHandler                               build/startup_stm32f407xx.o
CAN1_TX_IRQHandler                                build/startup_stm32f407xx.o
CAN2_RX0_IRQHandler                               build/startup_stm32f407xx.o
CAN2_RX1_IRQHandler                               build/startup_stm32f407xx.o
CAN2_SCE_IRQHandler                               build/startup_stm32f407xx.o
CAN2_TX_IRQHandler                                build/startup_stm32f407xx.o
CalculateFreqResponse                             build/main.o
CreateDACTable                                    build/main.o
DACTable                                          build/main.o
DAC_DMAConvCpltCh2                                build/stm32f4xx_hal_dac_ex.o
                                                  build/stm32f4xx_hal_dac.o
DAC_DMAErrorCh2                                   build/stm32f4xx_hal_dac_ex.o
                                                  build/stm32f4xx_hal_dac.o
DAC_DMAHalfConvCpltCh2                            build/stm32f4xx_hal_dac_ex.o
                                                  build/stm32f4xx_hal_dac.o
DCMI_IRQHandler                                   build/startup_stm32f407xx.o
DMA1_Stream0_IRQHandler                           build/startup_stm32f407xx.o
DMA1_Stream1_IRQHandler                           build/startup_stm32f407xx.o
DMA1_Stream2_IRQHandler                           build/startup_stm32f407xx.o
DMA1_Stream3_IRQHandler                           build/startup_stm32f407xx.o
DMA1_Stream4_IRQHandler                           build/startup_stm32f407xx.o
DMA1_Stream5_IRQHandler                           build/stm32f4xx_it.o
DMA1_Stream6_IRQHandler                           build/startup_stm32f407xx.o
DMA1_Stream7_IRQHandler                           build/startup_stm32f407xx.o
DMA2_Stream0_IRQHandler                           build/stm32f4xx_it.o
DMA2_Stream1_IRQHandler                           build/startup_stm32f407xx.o
DMA2_Stream2_IRQHandler                           build/startup_stm32f407xx.o
DMA2_Stream3_IRQHandler                           build/startup_stm32f407xx.o
DMA2_Stream4_IRQHandler                           build/startup_stm32f407xx.o
DMA2_Stream5_IRQHandler                           build/startup_stm32f407xx.o
DMA2_Stream6_IRQHandler                           build/startup_stm32f407xx.o
DMA2_Stream7_IRQHandler                           build/startup_stm32f407xx.o
DebugMon_Handler                                  build/stm32f4xx_it.o
Default_Handler                                   build/startup_stm32f407xx.o
ETH_IRQHandler                                    build/startup_stm32f407xx.o
ETH_WKUP_IRQHandler                               build/startup_stm32f407xx.o
EXTI0_IRQHandler                                  build/startup_stm32f407xx.o
EXTI15_10_IRQHandler                              build/startup_stm32f407xx.o
EXTI1_IRQHandler                                  build/startup_stm32f407xx.o
EXTI2_IRQHandler                                  build/startup_stm32f407xx.o
EXTI3_IRQHandler                                  build/startup_stm32f407xx.o
EXTI4_IRQHandler                                  build/startup_stm32f407xx.o
EXTI9_5_IRQHandler                                build/startup_stm32f407xx.o
Error_Handler                                     build/main.o
                                                  build/stm32f4xx_hal_msp.o
FLASH_Erase_Sector                                build/stm32f4xx_hal_flash_ex.o
                                                  build/stm32f4xx_hal_flash.o
FLASH_FlushCaches                                 build/stm32f4xx_hal_flash_ex.o
                                                  build/stm32f4xx_hal_flash.o
FLASH_IRQHandler                                  build/startup_stm32f407xx.o
FLASH_WaitForLastOperation                        build/stm32f4xx_hal_flash.o
                                                  build/stm32f4xx_hal_flash_ex.o
FPU_IRQHandler                                    build/startup_stm32f407xx.o
FSMC_IRQHandler                                   build/startup_stm32f407xx.o
Flags                                             build/main.o
FreqResponse                                      build/main.o
HAL_ADCEx_InjectedConfigChannel                   build/stm32f4xx_hal_adc_ex.o
HAL_ADCEx_InjectedConvCpltCallback                build/stm32f4xx_hal_adc_ex.o
                                                  build/stm32f4xx_hal_adc.o
HAL_ADCEx_InjectedGetValue                        build/stm32f4xx_hal_adc_ex.o
HAL_ADCEx_InjectedPollForConversion               build/stm32f4xx_hal_adc_ex.o
HAL_ADCEx_InjectedStart                           build/stm32f4xx_hal_adc_ex.o
HAL_ADCEx_InjectedStart_IT                        build/stm32f4xx_hal_adc_ex.o
HAL_ADCEx_InjectedStop                            build/stm32f4xx_hal_adc_ex.o
HAL_ADCEx_InjectedStop_IT                         build/stm32f4xx_hal_adc_ex.o
HAL_ADCEx_MultiModeConfigChannel                  build/stm32f4xx_hal_adc_ex.o
HAL_ADCEx_MultiModeGetValue                       build/stm32f4xx_hal_adc_ex.o
HAL_ADCEx_MultiModeStart_DMA                      build/stm32f4xx_hal_adc_ex.o
HAL_ADCEx_MultiModeStop_DMA                       build/stm32f4xx_hal_adc_ex.o
HAL_ADC_AnalogWDGConfig                           build/stm32f4xx_hal_adc.o
HAL_ADC_ConfigChannel                             build/stm32f4xx_hal_adc.o
                                                  build/main.o
HAL_ADC_ConvCpltCallback                          build/main.o
                                                  build/stm32f4xx_hal_adc_ex.o
HAL_ADC_ConvHalfCpltCallback                      build/main.o
                                                  build/stm32f4xx_hal_adc_ex.o
HAL_ADC_DeInit                                    build/stm32f4xx_hal_adc.o
HAL_ADC_ErrorCallback                             build/stm32f4xx_hal_adc.o
                                                  build/stm32f4xx_hal_adc_ex.o
HAL_ADC_GetError                                  build/stm32f4xx_hal_adc.o
HAL_ADC_GetState                                  build/stm32f4xx_hal_adc.o
HAL_ADC_GetValue                                  build/stm32f4xx_hal_adc.o
HAL_ADC_IRQHandler                                build/stm32f4xx_hal_adc.o
HAL_ADC_Init                                      build/stm32f4xx_hal_adc.o
                                                  build/main.o
HAL_ADC_LevelOutOfWindowCallback                  build/stm32f4xx_hal_adc.o
HAL_ADC_MspDeInit                                 build/stm32f4xx_hal_msp.o
HAL_ADC_MspInit                                   build/stm32f4xx_hal_msp.o
HAL_ADC_PollForConversion                         build/stm32f4xx_hal_adc.o
HAL_ADC_PollForEvent                              build/stm32f4xx_hal_adc.o
HAL_ADC_Start                                     build/stm32f4xx_hal_adc.o
HAL_ADC_Start_DMA                                 build/stm32f4xx_hal_adc.o
                                                  build/main.o
HAL_ADC_Start_IT                                  build/stm32f4xx_hal_adc.o
HAL_ADC_Stop                                      build/stm32f4xx_hal_adc.o
HAL_ADC_Stop_DMA                                  build/stm32f4xx_hal_adc.o
HAL_ADC_Stop_IT                                   build/stm32f4xx_hal_adc.o
HAL_DACEx_ConvCpltCallbackCh2                     build/stm32f4xx_hal_dac_ex.o
HAL_DACEx_ConvHalfCpltCallbackCh2                 build/stm32f4xx_hal_dac_ex.o
HAL_DACEx_DMAUnderrunCallbackCh2                  build/stm32f4xx_hal_dac_ex.o
                                                  build/stm32f4xx_hal_dac.o
HAL_DACEx_DualGetValue                            build/stm32f4xx_hal_dac_ex.o
HAL_DACEx_DualSetValue                            build/stm32f4xx_hal_dac_ex.o
HAL_DACEx_ErrorCallbackCh2                        build/stm32f4xx_hal_dac_ex.o
HAL_DACEx_NoiseWaveGenerate                       build/stm32f4xx_hal_dac_ex.o
HAL_DACEx_TriangleWaveGenerate                    build/stm32f4xx_hal_dac_ex.o
HAL_DAC_ConfigChannel                             build/stm32f4xx_hal_dac.o
                                                  build/main.o
HAL_DAC_ConvCpltCallbackCh1                       build/stm32f4xx_hal_dac.o
HAL_DAC_ConvHalfCpltCallbackCh1                   build/stm32f4xx_hal_dac.o
HAL_DAC_DMAUnderrunCallbackCh1                    build/stm32f4xx_hal_dac.o
HAL_DAC_DeInit                                    build/stm32f4xx_hal_dac.o
HAL_DAC_ErrorCallbackCh1                          build/stm32f4xx_hal_dac.o
HAL_DAC_GetError                                  build/stm32f4xx_hal_dac.o
HAL_DAC_GetState                                  build/stm32f4xx_hal_dac.o
HAL_DAC_GetValue                                  build/stm32f4xx_hal_dac.o
HAL_DAC_IRQHandler                                build/stm32f4xx_hal_dac.o
                                                  build/stm32f4xx_it.o
HAL_DAC_Init                                      build/stm32f4xx_hal_dac.o
                                                  build/main.o
HAL_DAC_MspDeInit                                 build/stm32f4xx_hal_msp.o
HAL_DAC_MspInit                                   build/stm32f4xx_hal_msp.o
HAL_DAC_SetValue                                  build/stm32f4xx_hal_dac.o
HAL_DAC_Start                                     build/stm32f4xx_hal_dac.o
HAL_DAC_Start_DMA                                 build/stm32f4xx_hal_dac.o
                                                  build/main.o
HAL_DAC_Stop                                      build/stm32f4xx_hal_dac.o
HAL_DAC_Stop_DMA                                  build/stm32f4xx_hal_dac.o
HAL_DBGMCU_DisableDBGSleepMode                    build/stm32f4xx_hal.o
HAL_DBGMCU_DisableDBGStandbyMode                  build/stm32f4xx_hal.o
HAL_DBGMCU_DisableDBGStopMode                     build/stm32f4xx_hal.o
HAL_DBGMCU_EnableDBGSleepMode                     build/stm32f4xx_hal.o
HAL_DBGMCU_EnableDBGStandbyMode                   build/stm32f4xx_hal.o
HAL_DBGMCU_EnableDBGStopMode                      build/stm32f4xx_hal.o
HAL_DMAEx_ChangeMemory                            build/stm32f4xx_hal_dma_ex.o
HAL_DMAEx_MultiBufferStart                        build/stm32f4xx_hal_dma_ex.o
HAL_DMAEx_MultiBufferStart_IT                     build/stm32f4xx_hal_dma_ex.o
HAL_DMA_Abort                                     build/stm32f4xx_hal_dma.o
                                                  build/stm32f4xx_hal_dac.o
                                                  build/stm32f4xx_hal_adc_ex.o
                                                  build/stm32f4xx_hal_adc.o
HAL_DMA_Abort_IT                                  build/stm32f4xx_hal_dma.o
                                                  build/stm32f4xx_hal_tim_ex.o
                                                  build/stm32f4xx_hal_tim.o
HAL_DMA_DeInit                                    build/stm32f4xx_hal_dma.o
                                                  build/stm32f4xx_hal_msp.o
HAL_DMA_GetError                                  build/stm32f4xx_hal_dma.o
HAL_DMA_GetState                                  build/stm32f4xx_hal_dma.o
HAL_DMA_IRQHandler                                build/stm32f4xx_hal_dma.o
                                                  build/stm32f4xx_it.o
HAL_DMA_Init                                      build/stm32f4xx_hal_dma.o
                                                  build/stm32f4xx_hal_msp.o
HAL_DMA_PollForTransfer                           build/stm32f4xx_hal_dma.o
HAL_DMA_RegisterCallback                          build/stm32f4xx_hal_dma.o
HAL_DMA_Start                                     build/stm32f4xx_hal_dma.o
HAL_DMA_Start_IT                                  build/stm32f4xx_hal_dma.o
                                                  build/stm32f4xx_hal_dac.o
                                                  build/stm32f4xx_hal_adc_ex.o
                                                  build/stm32f4xx_hal_adc.o
                                                  build/stm32f4xx_hal_tim_ex.o
                                                  build/stm32f4xx_hal_tim.o
HAL_DMA_UnRegisterCallback                        build/stm32f4xx_hal_dma.o
HAL_DeInit                                        build/stm32f4xx_hal.o
HAL_Delay                                         build/stm32f4xx_hal.o
HAL_DisableCompensationCell                       build/stm32f4xx_hal.o
HAL_EXTI_ClearConfigLine                          build/stm32f4xx_hal_exti.o
HAL_EXTI_ClearPending                             build/stm32f4xx_hal_exti.o
HAL_EXTI_GenerateSWI                              build/stm32f4xx_hal_exti.o
HAL_EXTI_GetConfigLine                            build/stm32f4xx_hal_exti.o
HAL_EXTI_GetHandle                                build/stm32f4xx_hal_exti.o
HAL_EXTI_GetPending                               build/stm32f4xx_hal_exti.o
HAL_EXTI_IRQHandler                               build/stm32f4xx_hal_exti.o
HAL_EXTI_RegisterCallback                         build/stm32f4xx_hal_exti.o
HAL_EXTI_SetConfigLine                            build/stm32f4xx_hal_exti.o
HAL_EnableCompensationCell                        build/stm32f4xx_hal.o
HAL_FLASHEx_Erase                                 build/stm32f4xx_hal_flash_ex.o
HAL_FLASHEx_Erase_IT                              build/stm32f4xx_hal_flash_ex.o
HAL_FLASHEx_OBGetConfig                           build/stm32f4xx_hal_flash_ex.o
HAL_FLASHEx_OBProgram                             build/stm32f4xx_hal_flash_ex.o
HAL_FLASH_EndOfOperationCallback                  build/stm32f4xx_hal_flash.o
HAL_FLASH_GetError                                build/stm32f4xx_hal_flash.o
HAL_FLASH_IRQHandler                              build/stm32f4xx_hal_flash.o
HAL_FLASH_Lock                                    build/stm32f4xx_hal_flash.o
HAL_FLASH_OB_Launch                               build/stm32f4xx_hal_flash.o
HAL_FLASH_OB_Lock                                 build/stm32f4xx_hal_flash.o
HAL_FLASH_OB_Unlock                               build/stm32f4xx_hal_flash.o
HAL_FLASH_OperationErrorCallback                  build/stm32f4xx_hal_flash.o
HAL_FLASH_Program                                 build/stm32f4xx_hal_flash.o
HAL_FLASH_Program_IT                              build/stm32f4xx_hal_flash.o
HAL_FLASH_Unlock                                  build/stm32f4xx_hal_flash.o
HAL_GPIO_DeInit                                   build/stm32f4xx_hal_gpio.o
                                                  build/stm32f4xx_hal_msp.o
HAL_GPIO_EXTI_Callback                            build/stm32f4xx_hal_gpio.o
HAL_GPIO_EXTI_IRQHandler                          build/stm32f4xx_hal_gpio.o
HAL_GPIO_Init                                     build/stm32f4xx_hal_gpio.o
                                                  build/stm32f4xx_hal_rcc.o
                                                  build/stm32f4xx_hal_msp.o
                                                  build/main.o
HAL_GPIO_LockPin                                  build/stm32f4xx_hal_gpio.o
HAL_GPIO_ReadPin                                  build/stm32f4xx_hal_gpio.o
HAL_GPIO_TogglePin                                build/stm32f4xx_hal_gpio.o
HAL_GPIO_WritePin                                 build/stm32f4xx_hal_gpio.o
                                                  build/main.o
HAL_GetDEVID                                      build/stm32f4xx_hal.o
HAL_GetHalVersion                                 build/stm32f4xx_hal.o
HAL_GetREVID                                      build/stm32f4xx_hal.o
HAL_GetTick                                       build/stm32f4xx_hal.o
                                                  build/stm32f4xx_hal_adc_ex.o
                                                  build/stm32f4xx_hal_adc.o
                                                  build/stm32f4xx_hal_pwr_ex.o
                                                  build/stm32f4xx_hal_dma.o
                                                  build/stm32f4xx_hal_flash.o
                                                  build/stm32f4xx_hal_rcc_ex.o
                                                  build/stm32f4xx_hal_rcc.o
                                                  build/main.o
HAL_GetTickFreq                                   build/stm32f4xx_hal.o
HAL_GetTickPrio                                   build/stm32f4xx_hal.o
HAL_GetUIDw0                                      build/stm32f4xx_hal.o
HAL_GetUIDw1                                      build/stm32f4xx_hal.o
HAL_GetUIDw2                                      build/stm32f4xx_hal.o
HAL_IncTick                                       build/stm32f4xx_hal.o
                                                  build/stm32f4xx_it.o
HAL_Init                                          build/stm32f4xx_hal.o
                                                  build/main.o
HAL_InitTick                                      build/stm32f4xx_hal.o
                                                  build/stm32f4xx_hal_rcc_ex.o
                                                  build/stm32f4xx_hal_rcc.o
HAL_MPU_ConfigRegion                              build/stm32f4xx_hal_cortex.o
HAL_MPU_Disable                                   build/stm32f4xx_hal_cortex.o
HAL_MPU_Enable                                    build/stm32f4xx_hal_cortex.o
HAL_MspDeInit                                     build/stm32f4xx_hal.o
HAL_MspInit                                       build/stm32f4xx_hal_msp.o
HAL_NVIC_ClearPendingIRQ                          build/stm32f4xx_hal_cortex.o
HAL_NVIC_DisableIRQ                               build/stm32f4xx_hal_cortex.o
HAL_NVIC_EnableIRQ                                build/stm32f4xx_hal_cortex.o
                                                  build/stm32f4xx_hal_msp.o
                                                  build/main.o
HAL_NVIC_GetActive                                build/stm32f4xx_hal_cortex.o
HAL_NVIC_GetPendingIRQ                            build/stm32f4xx_hal_cortex.o
HAL_NVIC_GetPriority                              build/stm32f4xx_hal_cortex.o
HAL_NVIC_GetPriorityGrouping                      build/stm32f4xx_hal_cortex.o
HAL_NVIC_SetPendingIRQ                            build/stm32f4xx_hal_cortex.o
HAL_NVIC_SetPriority                              build/stm32f4xx_hal_cortex.o
                                                  build/stm32f4xx_hal.o
                                                  build/stm32f4xx_hal_msp.o
                                                  build/main.o
HAL_NVIC_SetPriorityGrouping                      build/stm32f4xx_hal_cortex.o
                                                  build/stm32f4xx_hal.o
                                                  build/stm32f4xx_hal_msp.o
HAL_NVIC_SystemReset                              build/stm32f4xx_hal_cortex.o
HAL_PWREx_ControlVoltageScaling                   build/stm32f4xx_hal_pwr_ex.o
HAL_PWREx_DisableBkUpReg                          build/stm32f4xx_hal_pwr_ex.o
HAL_PWREx_DisableFlashPowerDown                   build/stm32f4xx_hal_pwr_ex.o
HAL_PWREx_EnableBkUpReg                           build/stm32f4xx_hal_pwr_ex.o
HAL_PWREx_EnableFlashPowerDown                    build/stm32f4xx_hal_pwr_ex.o
HAL_PWREx_GetVoltageRange                         build/stm32f4xx_hal_pwr_ex.o
HAL_PWR_ConfigPVD                                 build/stm32f4xx_hal_pwr.o
HAL_PWR_DeInit                                    build/stm32f4xx_hal_pwr.o
HAL_PWR_DisableBkUpAccess                         build/stm32f4xx_hal_pwr.o
HAL_PWR_DisablePVD                                build/stm32f4xx_hal_pwr.o
HAL_PWR_DisableSEVOnPend                          build/stm32f4xx_hal_pwr.o
HAL_PWR_DisableSleepOnExit                        build/stm32f4xx_hal_pwr.o
HAL_PWR_DisableWakeUpPin                          build/stm32f4xx_hal_pwr.o
HAL_PWR_EnableBkUpAccess                          build/stm32f4xx_hal_pwr.o
HAL_PWR_EnablePVD                                 build/stm32f4xx_hal_pwr.o
HAL_PWR_EnableSEVOnPend                           build/stm32f4xx_hal_pwr.o
HAL_PWR_EnableSleepOnExit                         build/stm32f4xx_hal_pwr.o
HAL_PWR_EnableWakeUpPin                           build/stm32f4xx_hal_pwr.o
HAL_PWR_EnterSLEEPMode                            build/stm32f4xx_hal_pwr.o
HAL_PWR_EnterSTANDBYMode                          build/stm32f4xx_hal_pwr.o
HAL_PWR_EnterSTOPMode                             build/stm32f4xx_hal_pwr.o
HAL_PWR_PVDCallback                               build/stm32f4xx_hal_pwr.o
HAL_PWR_PVD_IRQHandler                            build/stm32f4xx_hal_pwr.o
HAL_RCCEx_DisablePLLI2S                           build/stm32f4xx_hal_rcc_ex.o
HAL_RCCEx_EnablePLLI2S                            build/stm32f4xx_hal_rcc_ex.o
HAL_RCCEx_GetPeriphCLKConfig                      build/stm32f4xx_hal_rcc_ex.o
HAL_RCCEx_GetPeriphCLKFreq                        build/stm32f4xx_hal_rcc_ex.o
HAL_RCCEx_PeriphCLKConfig                         build/stm32f4xx_hal_rcc_ex.o
HAL_RCC_CSSCallback                               build/stm32f4xx_hal_rcc.o
HAL_RCC_ClockConfig                               build/stm32f4xx_hal_rcc.o
                                                  build/main.o
HAL_RCC_DeInit                                    build/stm32f4xx_hal_rcc_ex.o
                                                  build/stm32f4xx_hal_rcc.o
HAL_RCC_DisableCSS                                build/stm32f4xx_hal_rcc.o
HAL_RCC_EnableCSS                                 build/stm32f4xx_hal_rcc.o
HAL_RCC_GetClockConfig                            build/stm32f4xx_hal_rcc.o
HAL_RCC_GetHCLKFreq                               build/stm32f4xx_hal_rcc.o
HAL_RCC_GetOscConfig                              build/stm32f4xx_hal_rcc.o
HAL_RCC_GetPCLK1Freq                              build/stm32f4xx_hal_rcc.o
HAL_RCC_GetPCLK2Freq                              build/stm32f4xx_hal_rcc.o
HAL_RCC_GetSysClockFreq                           build/stm32f4xx_hal_rcc.o
HAL_RCC_MCOConfig                                 build/stm32f4xx_hal_rcc.o
HAL_RCC_NMI_IRQHandler                            build/stm32f4xx_hal_rcc.o
HAL_RCC_OscConfig                                 build/stm32f4xx_hal_rcc.o
                                                  build/main.o
HAL_ResumeTick                                    build/stm32f4xx_hal.o
HAL_SYSTICK_CLKSourceConfig                       build/stm32f4xx_hal_cortex.o
HAL_SYSTICK_Callback                              build/stm32f4xx_hal_cortex.o
HAL_SYSTICK_Config                                build/stm32f4xx_hal_cortex.o
                                                  build/stm32f4xx_hal.o
HAL_SYSTICK_IRQHandler                            build/stm32f4xx_hal_cortex.o
HAL_SetTickFreq                                   build/stm32f4xx_hal.o
HAL_SuspendTick                                   build/stm32f4xx_hal.o
HAL_TIMEx_BreakCallback                           build/stm32f4xx_hal_tim_ex.o
                                                  build/stm32f4xx_hal_tim.o
HAL_TIMEx_CommutCallback                          build/stm32f4xx_hal_tim_ex.o
                                                  build/stm32f4xx_hal_tim.o
HAL_TIMEx_CommutHalfCpltCallback                  build/stm32f4xx_hal_tim_ex.o
HAL_TIMEx_ConfigBreakDeadTime                     build/stm32f4xx_hal_tim_ex.o
HAL_TIMEx_ConfigCommutEvent                       build/stm32f4xx_hal_tim_ex.o
HAL_TIMEx_ConfigCommutEvent_DMA                   build/stm32f4xx_hal_tim_ex.o
HAL_TIMEx_ConfigCommutEvent_IT                    build/stm32f4xx_hal_tim_ex.o
HAL_TIMEx_HallSensor_DeInit                       build/stm32f4xx_hal_tim_ex.o
HAL_TIMEx_HallSensor_GetState                     build/stm32f4xx_hal_tim_ex.o
HAL_TIMEx_HallSensor_Init                         build/stm32f4xx_hal_tim_ex.o
HAL_TIMEx_HallSensor_MspDeInit                    build/stm32f4xx_hal_tim_ex.o
HAL_TIMEx_HallSensor_MspInit                      build/stm32f4xx_hal_tim_ex.o
HAL_TIMEx_HallSensor_Start                        build/stm32f4xx_hal_tim_ex.o
HAL_TIMEx_HallSensor_Start_DMA                    build/stm32f4xx_hal_tim_ex.o
HAL_TIMEx_HallSensor_Start_IT                     build/stm32f4xx_hal_tim_ex.o
HAL_TIMEx_HallSensor_Stop                         build/stm32f4xx_hal_tim_ex.o
HAL_TIMEx_HallSensor_Stop_DMA                     build/stm32f4xx_hal_tim_ex.o
HAL_TIMEx_HallSensor_Stop_IT                      build/stm32f4xx_hal_tim_ex.o
HAL_TIMEx_MasterConfigSynchronization             build/stm32f4xx_hal_tim_ex.o
                                                  build/main.o
HAL_TIMEx_OCN_Start                               build/stm32f4xx_hal_tim_ex.o
HAL_TIMEx_OCN_Start_DMA                           build/stm32f4xx_hal_tim_ex.o
HAL_TIMEx_OCN_Start_IT                            build/stm32f4xx_hal_tim_ex.o
HAL_TIMEx_OCN_Stop                                build/stm32f4xx_hal_tim_ex.o
HAL_TIMEx_OCN_Stop_DMA                            build/stm32f4xx_hal_tim_ex.o
HAL_TIMEx_OCN_Stop_IT                             build/stm32f4xx_hal_tim_ex.o
HAL_TIMEx_OnePulseN_Start                         build/stm32f4xx_hal_tim_ex.o
HAL_TIMEx_OnePulseN_Start_IT                      build/stm32f4xx_hal_tim_ex.o
HAL_TIMEx_OnePulseN_Stop                          build/stm32f4xx_hal_tim_ex.o
HAL_TIMEx_OnePulseN_Stop_IT                       build/stm32f4xx_hal_tim_ex.o
HAL_TIMEx_PWMN_Start                              build/stm32f4xx_hal_tim_ex.o
HAL_TIMEx_PWMN_Start_DMA                          build/stm32f4xx_hal_tim_ex.o
HAL_TIMEx_PWMN_Start_IT                           build/stm32f4xx_hal_tim_ex.o
HAL_TIMEx_PWMN_Stop                               build/stm32f4xx_hal_tim_ex.o
HAL_TIMEx_PWMN_Stop_DMA                           build/stm32f4xx_hal_tim_ex.o
HAL_TIMEx_PWMN_Stop_IT                            build/stm32f4xx_hal_tim_ex.o
HAL_TIMEx_RemapConfig                             build/stm32f4xx_hal_tim_ex.o
HAL_TIM_Base_DeInit                               build/stm32f4xx_hal_tim.o
HAL_TIM_Base_GetState                             build/stm32f4xx_hal_tim.o
HAL_TIM_Base_Init                                 build/stm32f4xx_hal_tim.o
                                                  build/main.o
HAL_TIM_Base_MspDeInit                            build/stm32f4xx_hal_msp.o
HAL_TIM_Base_MspInit                              build/stm32f4xx_hal_msp.o
HAL_TIM_Base_Start                                build/stm32f4xx_hal_tim.o
                                                  build/main.o
HAL_TIM_Base_Start_DMA                            build/stm32f4xx_hal_tim.o
HAL_TIM_Base_Start_IT                             build/stm32f4xx_hal_tim.o
HAL_TIM_Base_Stop                                 build/stm32f4xx_hal_tim.o
                                                  build/main.o
HAL_TIM_Base_Stop_DMA                             build/stm32f4xx_hal_tim.o
HAL_TIM_Base_Stop_IT                              build/stm32f4xx_hal_tim.o
HAL_TIM_ConfigClockSource                         build/stm32f4xx_hal_tim.o
                                                  build/main.o
HAL_TIM_ConfigOCrefClear                          build/stm32f4xx_hal_tim.o
HAL_TIM_ConfigTI1Input                            build/stm32f4xx_hal_tim.o
HAL_TIM_DMABurst_ReadStart                        build/stm32f4xx_hal_tim.o
HAL_TIM_DMABurst_ReadStop                         build/stm32f4xx_hal_tim.o
HAL_TIM_DMABurst_WriteStart                       build/stm32f4xx_hal_tim.o
HAL_TIM_DMABurst_WriteStop                        build/stm32f4xx_hal_tim.o
HAL_TIM_Encoder_DeInit                            build/stm32f4xx_hal_tim.o
HAL_TIM_Encoder_GetState                          build/stm32f4xx_hal_tim.o
HAL_TIM_Encoder_Init                              build/stm32f4xx_hal_tim.o
HAL_TIM_Encoder_MspDeInit                         build/stm32f4xx_hal_tim.o
HAL_TIM_Encoder_MspInit                           build/stm32f4xx_hal_tim.o
HAL_TIM_Encoder_Start                             build/stm32f4xx_hal_tim.o
HAL_TIM_Encoder_Start_DMA                         build/stm32f4xx_hal_tim.o
HAL_TIM_Encoder_Start_IT                          build/stm32f4xx_hal_tim.o
HAL_TIM_Encoder_Stop                              build/stm32f4xx_hal_tim.o
HAL_TIM_Encoder_Stop_DMA                          build/stm32f4xx_hal_tim.o
HAL_TIM_Encoder_Stop_IT                           build/stm32f4xx_hal_tim.o
HAL_TIM_ErrorCallback                             build/stm32f4xx_hal_tim.o
HAL_TIM_GenerateEvent                             build/stm32f4xx_hal_tim.o
HAL_TIM_IC_CaptureCallback                        build/stm32f4xx_hal_tim.o
HAL_TIM_IC_CaptureHalfCpltCallback                build/stm32f4xx_hal_tim.o
HAL_TIM_IC_ConfigChannel                          build/stm32f4xx_hal_tim.o
HAL_TIM_IC_DeInit                                 build/stm32f4xx_hal_tim.o
HAL_TIM_IC_GetState                               build/stm32f4xx_hal_tim.o
HAL_TIM_IC_Init                                   build/stm32f4xx_hal_tim.o
HAL_TIM_IC_MspDeInit                              build/stm32f4xx_hal_tim.o
HAL_TIM_IC_MspInit                                build/stm32f4xx_hal_tim.o
HAL_TIM_IC_Start                                  build/stm32f4xx_hal_tim.o
HAL_TIM_IC_Start_DMA                              build/stm32f4xx_hal_tim.o
HAL_TIM_IC_Start_IT                               build/stm32f4xx_hal_tim.o
HAL_TIM_IC_Stop                                   build/stm32f4xx_hal_tim.o
HAL_TIM_IC_Stop_DMA                               build/stm32f4xx_hal_tim.o
HAL_TIM_IC_Stop_IT                                build/stm32f4xx_hal_tim.o
HAL_TIM_IRQHandler                                build/stm32f4xx_hal_tim.o
                                                  build/stm32f4xx_it.o
HAL_TIM_OC_ConfigChannel                          build/stm32f4xx_hal_tim.o
HAL_TIM_OC_DeInit                                 build/stm32f4xx_hal_tim.o